2025-11-01 22:29:16.142  1538-1538  Module                  com...gle.android.inputmethod.latin  I  DeviceLockedStatusModuleProvider$Module.updateDeviceLockedStatus():100 repeatCheckTimes = 1, locked = false
2025-11-01 22:29:16.144   761-1716  PackageConfigPersister  system_server                        W  App-specific configuration not found for packageName: com.dennnisver4.habithub and userId: 0
2025-11-01 22:29:16.902  6720-6720  SettingsScreen          com.dennnisver4.habithub             D   Intentando cambiar idioma a: es
2025-11-01 22:29:16.903  6720-6720  SettingsScreen          com.dennnisver4.habithub             D   Idioma actual: system
2025-11-01 22:29:16.903  6720-6720  SettingsScreen          com.dennnisver4.habithub             D   Cambiando a idioma especfico: es
2025-11-01 22:29:16.903  6720-6720  SettingsScreen          com.dennnisver4.habithub             D   LocaleList creado correctamente: es
2025-11-01 22:29:16.903  6720-6720  SettingsScreen          com.dennnisver4.habithub             D   setApplicationLocales() ejecutado correctamente
2025-11-01 22:29:16.904  6720-6720  SettingsScreen          com.dennnisver4.habithub             D   Idioma despus del cambio: system
2025-11-01 22:29:16.912  6720-6720  SettingsScreen          com.dennnisver4.habithub             D   Cambio de idioma completado. Android reiniciar las Activities automticamente.
2025-11-01 22:29:16.922  6720-6720  WindowOnBackDispatcher  com.dennnisver4.habithub             D  setTopOnBackInvokedCallback (unwrapped): null
2025-11-01 22:29:16.922   761-1716  CoreBackPreview         system_server                        D  Window{8bc706a u0 com.dennnisver4.habithub/com.dennnisver4.habithub.MainActivity}: Setting back callback null
2025-11-01 22:29:16.940  6720-6736  HWUI                    com.dennnisver4.habithub             D  endAllActiveAnimators on 0x7b3a57e64c30 (UnprojectedRipple) with handle 0x7b3b37e44e20
2025-11-01 22:29:16.955   761-794   WindowManager           system_server                        V  Unknown focus tokens, dropping reportFocusChanged
2025-11-01 22:29:16.980   761-900   ImeTracker              system_server                        I  com.dennnisver4.habithub:13dc1fb9: onRequestHide at ORIGIN_SERVER reason HIDE_UNSPECIFIED_WINDOW fromUser false
2025-11-01 22:29:16.982  6720-6720  InsetsController        com.dennnisver4.habithub             D  hide(ime())
2025-11-01 22:29:16.982  6720-6720  ImeTracker              com.dennnisver4.habithub             I  com.dennnisver4.habithub:13dc1fb9: onCancelled at PHASE_CLIENT_ALREADY_HIDDEN
2025-11-01 22:29:16.982  1538-1538  GoogleInpu...hodService com...gle.android.inputmethod.latin  I  GoogleInputMethodService.onFinishInput():2057 
2025-11-01 22:29:16.983  1538-1538  Module                  com...gle.android.inputmethod.latin  I  DeviceLockedStatusModuleProvider$Module.updateDeviceLockedStatus():100 repeatCheckTimes = 0, locked = false
2025-11-01 22:29:16.985  1538-1538  GoogleInpu...hodService com...gle.android.inputmethod.latin  I  GoogleInputMethodService.onStartInput():1318 onStartInput(EditorInfo{EditorInfo{packageName=com.dennnisver4.habithub, inputType=0, inputTypeString=NULL, enableLearning=false, autoCorrection=false, autoComplete=false, imeOptions=0, privateImeOptions=null, actionName=UNSPECIFIED, actionLabel=null, initialSelStart=-1, initialSelEnd=-1, initialCapsMode=0, label=null, fieldId=0, fieldName=null, extras=null, hintText=null, hintLocales=[]}}, false)
2025-11-01 22:29:16.985   761-1242  ImeTracker              system_server                        I  system_server:6aebe4f1: onRequestHide at ORIGIN_SERVER reason IME_REQUESTED_CHANGED_LISTENER fromUser false
2025-11-01 22:29:16.986  1538-1538  Module                  com...gle.android.inputmethod.latin  I  DeviceLockedStatusModuleProvider$Module.updateDeviceLockedStatus():100 repeatCheckTimes = 1, locked = false
2025-11-01 22:29:16.987   761-794   ImeTracker              system_server                        I  system_server:6aebe4f1: onCancelled at PHASE_SERVER_SHOULD_HIDE
2025-11-01 22:29:16.988   761-1716  PackageConfigPersister  system_server                        W  App-specific configuration not found for packageName: com.dennnisver4.habithub and userId: 0
2025-11-01 22:29:19.103   761-935   HalDevMgr               system_server                        I  bestIfaceCreationProposal is null, requestIface=STA, existingIface=[name=wlan0 type=STA]
2025-11-01 22:29:19.521   761-1716  NotificationService     system_server                        W  Toast already killed. pkg=com.dennnisver4.habithub token=android.os.BinderProxy@de6aa22
2025-11-01 22:29:22.111   761-935   HalDevMgr               system_server                        I  bestIfaceCreationProposal is null, requestIface=STA, existingIface=[name=wlan0 type=STA]
2025-11-01 22:29:25.120   761-935   HalDevMgr               system_server                        I  bestIfaceCreationProposal is null, requestIface=STA, existingIface=[name=wlan0 type=STA]
2025-11-01 22:29:25.785  1192-1335  SatelliteController     com.android.phone                    D  iisInCarrierRoamingNbIotNtn: satellite is disabled
2025-11-01 22:29:25.786  1192-1335  SatelliteController     com.android.phone                    D  getCarrierRoamingNtnConnectType: Falling back to global carrier config connect type: 0
2025-11-01 22:29:28.128   761-935   HalDevMgr               system_server                        I  bestIfaceCreationProposal is null, requestIface=STA, existingIface=[name=wlan0 type=STA]
2025-11-01 22:29:28.172   761-811   BluetoothP...sCollector system_server                        E  Cannot acquire BluetoothActivityEnergyInfo
                                                                                                    java.util.concurrent.ExecutionException: java.lang.RuntimeException: error: 11
                                                                                                    	at java.util.concurrent.CompletableFuture.reportGet(CompletableFuture.java:372)
                                                                                                    	at java.util.concurrent.CompletableFuture.get(CompletableFuture.java:2072)
                                                                                                    	at com.android.server.power.stats.BluetoothPowerStatsCollector.collectBluetoothActivityInfo(BluetoothPowerStatsCollector.java:191)
                                                                                                    	at com.android.server.power.stats.BluetoothPowerStatsCollector.collectStats(BluetoothPowerStatsCollector.java:155)
                                                                                                    	at com.android.server.power.stats.PowerStatsCollector.collectAndDeliverStats(PowerStatsCollector.java:196)
                                                                                                    	at com.android.server.power.stats.PowerStatsCollector.lambda$schedule$0(PowerStatsCollector.java:166)
                                                                                                    	at com.android.server.power.stats.PowerStatsCollector.$r8$lambda$G7G_yFY7rV7oxQbQHnZ5FHX8eBk(PowerStatsCollector.java:0)
                                                                                                    	at com.android.server.power.stats.PowerStatsCollector$$ExternalSyntheticLambda1.run(R8$$SyntheticClass:0)
                                                                                                    	at android.os.Handler.handleCallback(Handler.java:1070)
                                                                                                    	at android.os.Handler.dispatchMessage(Handler.java:125)
                                                                                                    	at android.os.Looper.dispatchMessage(Looper.java:333)
                                                                                                    	at android.os.Looper.loopOnce(Looper.java:263)
                                                                                                    	at android.os.Looper.loop(Looper.java:367)
                                                                                                    	at android.os.HandlerThread.run(HandlerThread.java:139)
                                                                                                    Caused by: java.lang.RuntimeException: error: 11
                                                                                                    	at com.android.server.power.stats.BluetoothPowerStatsCollector$1.onBluetoothActivityEnergyInfoError(BluetoothPowerStatsCollector.java:180)
                                                                                                    	at android.bluetooth.BluetoothAdapter$OnBluetoothActivityEnergyInfoProxy.lambda$onBluetoothActivityEnergyInfoAvailable$0(BluetoothAdapter.java:1010)
                                                                                                    	at android.bluetooth.BluetoothAdapter$OnBluetoothActivityEnergyInfoProxy.$r8$lambda$ks_hN9Vo_x2Jp1k5f-s67WiAd4A(Unknown Source:0)
                                                                                                    	at android.bluetooth.BluetoothAdapter$OnBluetoothActivityEnergyInfoProxy$$ExternalSyntheticLambda0.run(D8$$SyntheticClass:0)
                                                                                                    	at android.bluetooth.BluetoothUtils.lambda$executeFromBinder$0(BluetoothUtils.java:346)
                                                                                                    	at android.bluetooth.BluetoothUtils$$ExternalSyntheticLambda1.run(D8$$SyntheticClass:0)
                                                                                                    	at com.android.server.SystemServerInitThreadPool$$ExternalSyntheticLambda0.execute(R8$$SyntheticClass:0)
                                                                                                    	at android.bluetooth.BluetoothUtils.executeFromBinder(BluetoothUtils.java:346)
                                                                                                    	at android.bluetooth.BluetoothAdapter$OnBluetoothActivityEnergyInfoProxy.onBluetoothActivityEnergyInfoAvailable(BluetoothAdapter.java:1008)
                                                                                                    	at android.bluetooth.IBluetoothActivityEnergyInfoListener$Stub.onTransact(IBluetoothActivityEnergyInfoListener.java:98)
                                                                                                    	at android.os.Binder.execTransactInternal(Binder.java:1478)
                                                                                                    	at android.os.Binder.execTransact(Binder.java:1418)
2025-11-01 22:29:31.135   761-935   HalDevMgr               system_server                        I  bestIfaceCreationProposal is null, requestIface=STA, existingIface=[name=wlan0 type=STA]
2025-11-01 22:29:34.144   761-935   HalDevMgr               system_server                        I  bestIfaceCreationProposal is null, requestIface=STA, existingIface=[name=wlan0 type=STA]
2025-11-01 22:29:35.786  1192-1335  SatelliteController     com.android.phone                    D  iisInCarrierRoamingNbIotNtn: satellite is disabled
2025-11-01 22:29:35.787  1192-1335  SatelliteController     com.android.phone                    D  getCarrierRoamingNtnConnectType: Falling back to global carrier config connect type: 0
2025-11-01 22:29:37.152   761-935   HalDevMgr               system_server                        I  bestIfaceCreationProposal is null, requestIface=STA, existingIface=[name=wlan0 type=STA]
2025-11-01 22:29:39.099   761-1242  ActivityManager         system_server                        I  Force stopping com.dennnisver4.habithub appid=10219 user=0: from pid 6760
2025-11-01 22:29:39.101   761-1242  ActivityManager         system_server                        I  Killing 6720:com.dennnisver4.habithub/u0a219 (adj 0): stop com.dennnisver4.habithub due to from pid 6760
2025-11-01 22:29:39.103   761-1242  ActivityTaskManager     system_server                        W  Force removing ActivityRecord{170496434 u0 com.dennnisver4.habithub/.MainActivity t46 f}}: app died, no saved state
2025-11-01 22:29:39.105  1046-1113  WindowManagerShell      com.android.systemui                 V  Transition requested (#28): android.os.BinderProxy@11b248c TransitionRequestInfo { type = CLOSE, triggerTask = TaskInfo{userId=0 taskId=46 effectiveUid=10219 displayId=0 isRunning=false baseIntent=Intent { act=android.intent.action.MAIN cat=[android.intent.category.LAUNCHER] flg=0x10000000 cmp=com.dennnisver4.habithub/.SplashActivity } baseActivity=null topActivity=null origActivity=null realActivity=ComponentInfo{com.dennnisver4.habithub/com.dennnisver4.habithub.SplashActivity} numActivities=0 lastActiveTime=5552477 supportsMultiWindow=true resizeMode=1 isResizeable=true minWidth=-1 minHeight=-1 defaultMinSize=220 token=WCT{android.os.BinderProxy@cf8eeac} topActivityType=1 pictureInPictureParams=null shouldDockBigOverlays=false launchIntoPipHostTaskId=-1 lastParentTaskIdBeforePip=-1 displayCutoutSafeInsets=Rect(0, 0 - 0, 0) topActivityInfo=null launchCookies=[] positionInParent=Point(0, 0) parentTaskId=-1 isFocused=true isVisible=true isVisibleRequested=true isTopActivityNoDisplay=false isSleeping=false locusId=null displayAreaFeatureId=1 isTopActivityTransparent=false isActivityStackTransparent=true lastNonFullscreenBounds=null capturedLink=null capturedLinkTimestamp=0 requestedVisibleTypes=503 topActivityRequestOpenInBrowserEducationTimestamp=0 appCompatTaskInfo=AppCompatTaskInfo { topActivityInSizeCompat=false isLeafTask= true eligibleForLetterboxEducation= false isLetterboxEducationEnabled= false isLetterboxDoubleTapEnabled= false eligibleForUserAspectRatioButton= false topActivityBoundsLetterboxed= false isFromLetterboxDoubleTap= false topActivityLetterboxVerticalPosition= -1 topActivityLetterboxHorizontalPosition= -1 topActivityLetterboxWidth=-1 topActivityLetterboxHeight=-1 topActivityAppBounds=Rect(0, 0 - 0, 0) isUserFullscreenOverrideEnabled=false isSystemFullscreenOverrideEnabled=false hasMinAspectRatioOverride=false topActivityLetterboxBounds=null cameraCompatTaskInfo=CameraCompatTaskInfo { cameraCompatMode=undefinedundefined} topNonResizableActivityAspectRatio=-1.0} topActivityMainWindowFrame=null isAppBubble=false}, pipChange = null, remoteTransition = null, displayChange = null, requestedLocation = null, userChange = null, windowingLayerChange = null, flags = 0, debugId = 28 }
2025-11-01 22:29:39.105   596-728   libbinder.BpBinder      surfaceflinger                       I  onLastStrongRef automatically unlinking death recipients for descriptor: '(not cached)'
2025-11-01 22:29:39.108   761-992   Background...rolService system_server                        D  Package event received: 0
2025-11-01 22:29:39.113   761-1242  WindowManager           system_server                        V  Defer transition id=28 for TaskFragmentTransaction=android.os.Binder@b3d4f2b
2025-11-01 22:29:39.113   761-1242  WindowManager           system_server                        V  deferTransitionReady deferReadyDepth=1 stack=com.android.server.wm.TransitionController.deferTransitionReady:1061 com.android.server.wm.TaskFragmentOrganizerController$TaskFragmentOrganizerState.dispatchTransaction:517 com.android.server.wm.TaskFragmentOrganizerController.dispatchPendingEvents:1259 com.android.server.wm.TaskFragmentOrganizerController.dispatchPendingEvents:1228 com.android.server.wm.RootWindowContainer.performSurfacePlacement:777 
2025-11-01 22:29:39.116  1202-1202  ViewRootImpl            com...le.android.apps.nexuslauncher  D  Skipping stats log for color mode
2025-11-01 22:29:39.117  1202-1202  BaseActivity            com...le.android.apps.nexuslauncher  D  Launcher flags updated: [state_started] +[state_started]
2025-11-01 22:29:39.120   761-1242  AppsFilter              system_server                        I  interaction: PackageSetting{b760204 com.android.microdroid.empty_payload/10199} -> PackageSetting{d76d21 com.dennnisver4.habithub/10219} BLOCKED
2025-11-01 22:29:39.120  1202-1202  BaseActivity            com...le.android.apps.nexuslauncher  D  Launcher flags updated: [state_started|state_resumed|state_user_active] +[state_resumed|state_user_active]
2025-11-01 22:29:39.123   761-891   InputDispatcher         system_server                        W  channel '89b16fe com.dennnisver4.habithub/com.dennnisver4.habithub.MainActivity' ~ Consumer closed input channel or an error occurred.  events=0x9
2025-11-01 22:29:39.123   761-891   InputDispatcher         system_server                        E  channel '89b16fe com.dennnisver4.habithub/com.dennnisver4.habithub.MainActivity' ~ Channel is unrecoverably broken and will be disposed!
2025-11-01 22:29:39.123   761-891   WindowManager           system_server                        I  WINDOW DIED Window{89b16fe u0 com.dennnisver4.habithub/com.dennnisver4.habithub.MainActivity}
2025-11-01 22:29:39.123  1202-1202  BaseActivity            com...le.android.apps.nexuslauncher  D  Launcher flags updated: [state_started|state_resumed|state_deferred_resumed|state_user_active] +[state_deferred_resumed]
2025-11-01 22:29:39.125  1202-1202  StatsLog                com...le.android.apps.nexuslauncher  D  LAUNCHER_ONRESUME
2025-11-01 22:29:39.126   761-866   WindowManager           system_server                        I  WIN DEATH: Window{89b16fe u0 com.dennnisver4.habithub/com.dennnisver4.habithub.MainActivity EXITING}
2025-11-01 22:29:39.128   761-1248  ImeTracker              system_server                        I  com.dennnisver4.habithub:765a0ab2: onRequestHide at ORIGIN_SERVER reason HIDE_REMOVE_CLIENT fromUser false
2025-11-01 22:29:39.128   761-1248  ImeTracker              system_server                        I  com.dennnisver4.habithub:765a0ab2: onCancelled at PHASE_SERVER_SHOULD_HIDE
2025-11-01 22:29:39.128   523-523   Zygote                  zygote64                             I  Process 6720 exited due to signal 9 (Killed)
2025-11-01 22:29:39.128   604-604   adbd                    adbd                                 I  Remote process closed the socket (on MSG_PEEK)
---------------------------- PROCESS ENDED (6720) for package com.dennnisver4.habithub ----------------------------
2025-11-01 22:29:39.135  1202-1250  QuickstepModelDelegate  com...le.android.apps.nexuslauncher  D  notifyAppTargetEvent action=1 launchLocation=
2025-11-01 22:29:39.136  1046-1113  WindowManagerShell      com.android.systemui                 D  setLauncherKeepClearAreaHeight: visible=true, height=495
2025-11-01 22:29:39.136   761-992   Background...rolService system_server                        D  Package event received: 0
2025-11-01 22:29:39.136   761-1696  WindowManager           system_server                        V  Continue transition id=28 for TaskFragmentTransaction=android.os.Binder@b3d4f2b
2025-11-01 22:29:39.136   761-1696  WindowManager           system_server                        V  continueTransitionReady deferReadyDepth=0 stack=com.android.server.wm.TransitionController.continueTransitionReady:1071 com.android.server.wm.TaskFragmentOrganizerController$TaskFragmentOrganizerState.onTransactionFinished:546 com.android.server.wm.TaskFragmentOrganizerController.onTransactionHandled:740 android.window.ITaskFragmentOrganizerController$Stub.onTransact:225 android.os.Binder.execTransactInternal:1473 
2025-11-01 22:29:39.137  1202-1202  NexusLaunc...elDelegate com...le.android.apps.nexuslauncher  D  notifySmartspaceEvent: SmartspaceTargetEvent{mSmartspaceTarget=null, mSmartspaceActionId='null', mEventType=6}
2025-11-01 22:29:39.138   761-803   libprocessgroup         system_server                        I  Removed cgroup /sys/fs/cgroup/apps/uid_10219/pid_6720
2025-11-01 22:29:39.140  1653-1852  AiAiEcho                com.google.android.as                I  Predicting[0]:  [CONTEXT sampling_count=5 ]
2025-11-01 22:29:39.141   761-992   Background...rolService system_server                        D  Package event received: 0
2025-11-01 22:29:39.145  1202-1202  BaseDepthController     com...le.android.apps.nexuslauncher  D  setSurface:
                                                                                                    	mWaitingOnSurfaceValidity: false
                                                                                                    	mBaseSurface: Surface(name=com.google.android.apps.nexuslauncher/com.google.android.apps.nexuslauncher.NexusLauncherActivity#412)/@0x5b8a137
2025-11-01 22:29:39.146  1202-1202  BaseDepthController     com...le.android.apps.nexuslauncher  V  Applying blur: 79 to Surface(name=com.google.android.apps.nexuslauncher/com.google.android.apps.nexuslauncher.NexusLauncherActivity#412)/@0x5b8a137 applyImmediately: false
2025-11-01 22:29:39.146  1653-1852  AiAiEcho                com.google.android.as                I  EchoTargets: 
                                                                                                    Filtered by AiAi flag check: 
                                                                                                    [CONTEXT ratelimit_period="10 SECONDS" ]
2025-11-01 22:29:39.146  1202-1202  BaseDepthController     com...le.android.apps.nexuslauncher  D  shouldBlurWorkspace: true targetState: AllApps currentStableState: AllApps mCurrentBlur: 79 mLauncher.getDepthBlurTargets(): [com.android.launcher3.Workspace{615aebc V.ED..... .......D 0,0-1080,2400 #7f0a049d app:id/workspace}, com.android.launcher3.Hotseat{3e0de45 V.ED..... .......D 0,1905-1080,2400 #7f0a01ee app:id/hotseat}]
2025-11-01 22:29:39.152  1046-1400  WallpaperService        com.android.systemui                 D  onVisibilityChanged(true): com.android.systemui.wallpapers.ImageWallpaper$CanvasEngine@1db54b9
2025-11-01 22:29:39.152   761-1965  ActivityManager         system_server                        V  Got obituary of 6720:com.dennnisver4.habithub
2025-11-01 22:29:39.153   761-794   ActivityManager         system_server                        W  setHasOverlayUi called on unknown pid: 6720
2025-11-01 22:29:39.159  1653-1852  AiAiEcho                com.google.android.as                I  #remoteViewsTwiddler: feature disabled.
2025-11-01 22:29:39.161  1653-1852  AiAiEcho                com.google.android.as                I  #postPredictionTargets: Sending updates to UISurface home with targets# 0 (types=[])
2025-11-01 22:29:39.165  1192-1192  CarrierSvcBindHelper    com.android.phone                    D  onHandleForceStop: [com.dennnisver4.habithub]
2025-11-01 22:29:39.167  1192-1192  CarrierSvcBindHelper    com.android.phone                    D  No carrier app for: 0
2025-11-01 22:29:39.183   761-794   WindowManager           system_server                        V  Unknown focus tokens, dropping reportFocusChanged
2025-11-01 22:29:39.249  1202-1202  b/417220811             com...le.android.apps.nexuslauncher  D  invalidateLoadedTasks - previous requestLoadId: -1
2025-11-01 22:29:39.254  1046-1057  WindowManagerShell      com.android.systemui                 V  onTransitionReady(transaction=3268470114846)
2025-11-01 22:29:39.254  1046-1113  WindowManagerShell      com.android.systemui                 V  onTransitionReady (#28) android.os.BinderProxy@11b248c: {id=28 t=CLOSE f=0x0 trk=0 r=[0@Point(0, 0)] c=[
                                                                                                            {m=TO_FRONT f=SHOW_WALLPAPER|MOVE_TO_TOP leash=Surface(name=Task=1#44)/@0x4924bea sb=Rect(0, 0 - 1080, 2400) eb=Rect(0, 0 - 1080, 2400) epz=Point(1080, 2400) d=0 taskParent=-1 winMode=1 userId=0},
                                                                                                            {m=CLOSE f=NONE leash=Surface(name=Task=46#375)/@0x667cedb sb=Rect(0, 0 - 1080, 2400) eb=Rect(0, 0 - 1080, 2400) epz=Point(1080, 2400) d=0 taskParent=-1 winMode=1 userId=0},
                                                                                                            {m=TO_FRONT f=IS_WALLPAPER leash=Surface(name=WallpaperWindowToken{9e1c63}#60)/@0x39bfd78 sb=Rect(0, 0 - 1080, 2400) eb=Rect(0, 0 - 1080, 2400) epz=Point(1080, 2400) d=0}
                                                                                                        ]}
2025-11-01 22:29:39.255  1046-1113  WindowManagerShell      com.android.systemui                 V  Playing animation for (#28) android.os.BinderProxy@11b248c@0
2025-11-01 22:29:39.255  1046-1113  ShellRecents            com.android.systemui                 V  RecentsTransitionHandler.startAnimation: no controller found
2025-11-01 22:29:39.255  1046-1113  WindowManagerShell      com.android.systemui                 V  Transition doesn't have explicit remote, search filters for match for {id=28 t=CLOSE f=0x0 trk=0 r=[0@Point(0, 0)] c=[{m=TO_FRONT f=SHOW_WALLPAPER|MOVE_TO_TOP leash=Surface(name=Task=1#44)/@0x4924bea sb=Rect(0, 0 - 1080, 2400) eb=Rect(0, 0 - 1080, 2400) epz=Point(1080, 2400) d=0 taskParent=-1 winMode=1 userId=0},{m=CLOSE f=NONE leash=Surface(name=Task=46#375)/@0x667cedb sb=Rect(0, 0 - 1080, 2400) eb=Rect(0, 0 - 1080, 2400) epz=Point(1080, 2400) d=0 taskParent=-1 winMode=1 userId=0},{m=TO_FRONT f=IS_WALLPAPER leash=Surface(name=WallpaperWindowToken{9e1c63}#60)/@0x39bfd78 sb=Rect(0, 0 - 1080, 2400) eb=Rect(0, 0 - 1080, 2400) epz=Point(1080, 2400) d=0}]}
2025-11-01 22:29:39.255  1046-1113  WindowManagerShell      com.android.systemui                 V   Checking filter Pair{{types=[] flags=0x0] notFlags=0x0 checks=[{atype=undefined independent=true modes=[CLOSE,TO_BACK] flags=IN_TASK_WITH_EMBEDDED_ACTIVITY mustBeTask=false order=ANY topActivity=null launchCookie=null taskFragmentToken=android.os.BinderProxy@92f083d windowingMode=undefined isCrossDisplayMove=false}]} RemoteTransition { remoteTransition = android.window.IRemoteTransition$Stub$Proxy@9b74832, appThread = android.app.IApplicationThread$Stub$Proxy@3b52983, debugName = overlayBackTransition }}
2025-11-01 22:29:39.255  1046-1113  WindowManagerShell      com.android.systemui                 V   Checking filter Pair{{types=[] flags=0x0] notFlags=0x0 checks=[{atype=dream independent=true modes=[OPEN,TO_FRONT] flags=NONE mustBeTask=false order=ANY topActivity=null launchCookie=null windowingMode=undefined isCrossDisplayMove=false},{atype=home independent=true modes=[CLOSE,TO_BACK] flags=NONE mustBeTask=false order=ANY topActivity=null launchCookie=null windowingMode=undefined isCrossDisplayMove=false}]} RemoteTransition { remoteTransition = android.window.IRemoteTransition$Stub$Proxy@51ac700, appThread = android.app.IApplicationThread$Stub$Proxy@f08eb39, debugName = LauncherToDream }}
2025-11-01 22:29:39.255  1046-1113  WindowManagerShell      com.android.systemui                 V   Checking filter Pair{{types=[] flags=0x0] notFlags=0x100 checks=[{atype=home independent=true modes=[OPEN,TO_FRONT] flags=NONE mustBeTask=false order=TOP topActivity=ComponentInfo{com.google.android.apps.nexuslauncher/com.google.android.apps.nexuslauncher.NexusLauncherActivity} launchCookie=null windowingMode=undefined isCrossDisplayMove=false},{atype=standard independent=true modes=[CLOSE,TO_BACK] flags=NONE mustBeTask=false order=ANY topActivity=null launchCookie=null windowingMode=undefined isCrossDisplayMove=false},{NOT atype=undefined independent=true modes=[] flags=NONE mustBeTask=true order=ANY topActivity=null launchCookie=null customAnim=true windowingMode=undefined isCrossDisplayMove=false}]} RemoteTransition { remoteTransition = android.window.IRemoteTransition$Stub$Proxy@58db57e, appThread = android.app.IApplicationThread$Stub$Proxy@816dadf, debugName = QuickstepLaunchHome }}
2025-11-01 22:29:39.255  1046-1113  RemoteTransitionHandler com.android.systemui                 D  Found filterPair{{types=[] flags=0x0] notFlags=0x100 checks=[{atype=home independent=true modes=[OPEN,TO_FRONT] flags=NONE mustBeTask=false order=TOP topActivity=ComponentInfo{com.google.android.apps.nexuslauncher/com.google.android.apps.nexuslauncher.NexusLauncherActivity} launchCookie=null windowingMode=undefined isCrossDisplayMove=false},{atype=standard independent=true modes=[CLOSE,TO_BACK] flags=NONE mustBeTask=false order=ANY topActivity=null launchCookie=null windowingMode=undefined isCrossDisplayMove=false},{NOT atype=undefined independent=true modes=[] flags=NONE mustBeTask=true order=ANY topActivity=null launchCookie=null customAnim=true windowingMode=undefined isCrossDisplayMove=false}]} RemoteTransition { remoteTransition = android.window.IRemoteTransition$Stub$Proxy@58db57e, appThread = android.app.IApplicationThread$Stub$Proxy@816dadf, debugName = QuickstepLaunchHome }}
2025-11-01 22:29:39.255  1046-1113  WindowManagerShell      com.android.systemui                 V   Delegate animation for (#28) to RemoteTransition { remoteTransition = android.window.IRemoteTransition$Stub$Proxy@58db57e, appThread = android.app.IApplicationThread$Stub$Proxy@816dadf, debugName = QuickstepLaunchHome }
2025-11-01 22:29:39.261  1202-1202  LauncherStateManager    com...le.android.apps.nexuslauncher  D  StateManager.cancelAnimation: animation ongoing: false, partial trace:
                                                                                                    	at com.android.launcher3.statemanager.StateManager.setCurrentAnimation(go/retraceme 7101499b44b219b757f6885b35ae099b24fc769225595efcaaacae5b0f94500b:18)
                                                                                                    	at com.android.launcher3.QuickstepTransitionManager.createWallpaperOpenAnimations(go/retraceme 7101499b44b219b757f6885b35ae099b24fc769225595efcaaacae5b0f94500b:646)
                                                                                                    	at com.android.launcher3.QuickstepTransitionManager$WallpaperOpenLauncherAnimationRunner.onAnimationStart(go/retraceme 7101499b44b219b757f6885b35ae099b24fc769225595efcaaacae5b0f94500b:96)
2025-11-01 22:29:39.261  1202-1202  b/311077782             com...le.android.apps.nexuslauncher  D  LauncherAnimationRunner.setAnimation
2025-11-01 22:29:39.268  1202-1202  SsBaseTemplateCard      com...le.android.apps.nexuslauncher  D  Passed-in item info is null
2025-11-01 22:29:39.270  1202-1202  SsBaseTemplateCard      com...le.android.apps.nexuslauncher  D  Passed-in item info is null
2025-11-01 22:29:39.270  1202-1202  SsBaseTemplateCard      com...le.android.apps.nexuslauncher  D  Passed-in item info is null
2025-11-01 22:29:39.270  1202-1202  SsBaseTemplateCard      com...le.android.apps.nexuslauncher  D  Passed-in item info is null
2025-11-01 22:29:39.271  1202-1202  SsBaseTemplateCard      com...le.android.apps.nexuslauncher  I  Secondary card pane is null
2025-11-01 22:29:39.304   761-791   WindowManager           system_server                        V  Sent Transition (#28) createdAt=11-01 21:29:39.104 via request=TransitionRequestInfo { type = CLOSE, triggerTask = TaskInfo{userId=0 taskId=46 effectiveUid=10219 displayId=0 isRunning=false baseIntent=Intent { act=android.intent.action.MAIN cat=[android.intent.category.LAUNCHER] flg=0x10000000 cmp=com.dennnisver4.habithub/.SplashActivity } baseActivity=null topActivity=null origActivity=null realActivity=ComponentInfo{com.dennnisver4.habithub/com.dennnisver4.habithub.SplashActivity} numActivities=0 lastActiveTime=5552477 supportsMultiWindow=true resizeMode=1 isResizeable=true minWidth=-1 minHeight=-1 defaultMinSize=220 token=WCT{RemoteToken{fdd4d43 Task{341c3b6 #46 type=standard A=10219:com.dennnisver4.habithub}}} topActivityType=1 pictureInPictureParams=null shouldDockBigOverlays=false launchIntoPipHostTaskId=-1 lastParentTaskIdBeforePip=-1 displayCutoutSafeInsets=Rect(0, 0 - 0, 0) topActivityInfo=null launchCookies=[] positionInParent=Point(0, 0) parentTaskId=-1 isFocused=true isVisible=true isVisibleRequested=true isTopActivityNoDisplay=false isSleeping=false locusId=null displayAreaFeatureId=1 isTopActivityTransparent=false isActivityStackTransparent=true lastNonFullscreenBounds=null capturedLink=null capturedLinkTimestamp=0 requestedVisibleTypes=503 topActivityRequestOpenInBrowserEducationTimestamp=0 appCompatTaskInfo=AppCompatTaskInfo { topActivityInSizeCompat=false isLeafTask= true eligibleForLetterboxEducation= false isLetterboxEducationEnabled= false isLetterboxDoubleTapEnabled= false eligibleForUserAspectRatioButton= false topActivityBoundsLetterboxed= false isFromLetterboxDoubleTap= false topActivityLetterboxVerticalPosition= -1 topActivityLetterboxHorizontalPosition= -1 topActivityLetterboxWidth=-1 topActivityLetterboxHeight=-1 topActivityAppBounds=Rect(0, 0 - 0, 0) isUserFullscreenOverrideEnabled=false isSystemFullscreenOverrideEnabled=false hasMinAspectRatioOverride=false topActivityLetterboxBounds=null cameraCompatTaskInfo=CameraCompatTaskInfo { cameraCompatMode=undefinedundefined} topNonResizableActivityAspectRatio=-1.0} topActivityMainWindowFrame=null isAppBubble=false}, pipChange = null, remoteTransition = null, displayChange = null, requestedLocation = null, userChange = null, windowingLayerChange = null, flags = 0, debugId = 28 }
2025-11-01 22:29:39.304   761-791   WindowManager           system_server                        V      startWCT=WindowContainerTransaction { changes= {} hops= [] errorCallbackToken=null taskFragmentOrganizer=null }
2025-11-01 22:29:39.304   761-791   WindowManager           system_server                        V      info={id=28 t=CLOSE f=0x0 trk=0 r=[0@Point(0, 0)] c=[
                                                                                                            {WCT{RemoteToken{b39c9db Task{71ac1c4 #1 type=home}}} m=TO_FRONT f=SHOW_WALLPAPER|MOVE_TO_TOP leash=Surface(name=Task=1#44)/@0x854751d sb=Rect(0, 0 - 1080, 2400) eb=Rect(0, 0 - 1080, 2400) epz=Point(1080, 2400) d=0 taskParent=-1 winMode=1 userId=0},
                                                                                                            {WCT{RemoteToken{fdd4d43 Task{341c3b6 #46 type=standard A=10219:com.dennnisver4.habithub}}} m=CLOSE f=NONE leash=Surface(name=Task=46#375)/@0x90415fd sb=Rect(0, 0 - 1080, 2400) eb=Rect(0, 0 - 1080, 2400) epz=Point(1080, 2400) d=0 taskParent=-1 winMode=1 userId=0},
                                                                                                            {m=TO_FRONT f=IS_WALLPAPER leash=Surface(name=WallpaperWindowToken{9e1c63}#60)/@0x54079f4 sb=Rect(0, 0 - 1080, 2400) eb=Rect(0, 0 - 1080, 2400) epz=Point(1080, 2400) d=0}
                                                                                                        ]}
2025-11-01 22:29:39.306  1046-1113  WindowManagerShell      com.android.systemui                 V   animated by com.android.wm.shell.transition.RemoteTransitionHandler@fe5532c
2025-11-01 22:29:39.306  1046-1113  Bubbles                 com.android.systemui                 D  onLocusVisibilityChanged=Overview|DISABLED visible=true taskId=1
2025-11-01 22:29:39.311  1202-1202  BaseActivity            com...le.android.apps.nexuslauncher  D  Launcher flags updated: [state_started|state_resumed|state_deferred_resumed|state_window_focused|state_user_active] +[state_window_focused]
2025-11-01 22:29:39.315   761-900   ImeTracker              system_server                        I  com.google.android.apps.nexuslauncher:6a81ced3: onRequestHide at ORIGIN_SERVER reason HIDE_UNSPECIFIED_WINDOW fromUser false
2025-11-01 22:29:39.317  1202-1202  InsetsController        com...le.android.apps.nexuslauncher  D  hide(ime())
2025-11-01 22:29:39.318  1202-1202  ImeTracker              com...le.android.apps.nexuslauncher  I  com.google.android.apps.nexuslauncher:6a81ced3: onCancelled at PHASE_CLIENT_ALREADY_HIDDEN
2025-11-01 22:29:39.328  1538-1538  GoogleInpu...hodService com...gle.android.inputmethod.latin  I  GoogleInputMethodService.onFinishInput():2057 
2025-11-01 22:29:39.328   761-1248  ImeTracker              system_server                        I  system_server:5722f3dc: onRequestHide at ORIGIN_SERVER reason IME_REQUESTED_CHANGED_LISTENER fromUser false
2025-11-01 22:29:39.330  1538-1538  Module                  com...gle.android.inputmethod.latin  I  DeviceLockedStatusModuleProvider$Module.updateDeviceLockedStatus():100 repeatCheckTimes = 0, locked = false
2025-11-01 22:29:39.333  1538-1538  GoogleInpu...hodService com...gle.android.inputmethod.latin  I  GoogleInputMethodService.onStartInput():1318 onStartInput(EditorInfo{EditorInfo{packageName=com.google.android.apps.nexuslauncher, inputType=0, inputTypeString=NULL, enableLearning=false, autoCorrection=false, autoComplete=false, imeOptions=0, privateImeOptions=null, actionName=UNSPECIFIED, actionLabel=null, initialSelStart=-1, initialSelEnd=-1, initialCapsMode=0, label=null, fieldId=0, fieldName=null, extras=null, hintText=null, hintLocales=[]}}, false)
2025-11-01 22:29:39.335  1538-1538  Module                  com...gle.android.inputmethod.latin  I  DeviceLockedStatusModuleProvider$Module.updateDeviceLockedStatus():100 repeatCheckTimes = 1, locked = false
2025-11-01 22:29:39.337   761-1320  PackageConfigPersister  system_server                        W  App-specific configuration not found for packageName: com.google.android.apps.nexuslauncher and userId: 0
2025-11-01 22:29:39.338   761-794   ImeTracker              system_server                        I  system_server:5722f3dc: onCancelled at PHASE_SERVER_SHOULD_HIDE
2025-11-01 22:29:39.590  1046-1753  WindowManagerShell      com.android.systemui                 V  Received remote transition finished callback for (#28)
2025-11-01 22:29:39.590  1046-1113  WindowManagerShell      com.android.systemui                 V  Transition animation finished (aborted=false), notifying core (#28) android.os.BinderProxy@11b248c@0
2025-11-01 22:29:39.593   761-791   WindowManager           system_server                        V  Finish Transition (#28): created at 11-01 21:29:39.104 collect-started=0.074ms request-sent=0.171ms started=9.74ms ready=34.584ms sent=148.406ms commit=14.678ms finished=489.027ms
2025-11-01 22:29:39.597   761-1320  libbinder....hreadState system_server                        E  Binder transaction failure. id: 707864, cmd: BR_DEAD_REPLY (29189), error: -22 (Invalid argument)
2025-11-01 22:29:39.597   761-1320  ActivityManager         system_server                        W  pid 761 system sent binder code 7 with flags 1 and got error -32
2025-11-01 22:29:39.598   761-1320  WindowManager           system_server                        W  Exception thrown during dispatchAppVisibility Window{89b16fe u0 com.dennnisver4.habithub/com.dennnisver4.habithub.MainActivity EXITING}
                                                                                                    android.os.DeadObjectException
                                                                                                    	at android.os.BinderProxy.transactNative(Native Method)
                                                                                                    	at android.os.BinderProxy.transact(BinderProxy.java:599)
                                                                                                    	at android.view.IWindow$Stub$Proxy.dispatchAppVisibility(IWindow.java:535)
                                                                                                    	at com.android.server.wm.WindowState.sendAppVisibilityToClients(WindowState.java:3266)
                                                                                                    	at com.android.server.wm.WindowContainer.sendAppVisibilityToClients(WindowContainer.java:1218)
                                                                                                    	at com.android.server.wm.WindowToken.setClientVisible(WindowToken.java:394)
                                                                                                    	at com.android.server.wm.ActivityRecord.commitVisibility(ActivityRecord.java:5626)
                                                                                                    	at com.android.server.wm.Transition.finishTransition(Transition.java:1500)
                                                                                                    	at com.android.server.wm.TransitionController.finishTransition(TransitionController.java:1096)
                                                                                                    	at com.android.server.wm.WindowOrganizerController.finishTransition(WindowOrganizerController.java:518)
                                                                                                    	at android.window.IWindowOrganizerController$Stub.onTransact(IWindowOrganizerController.java:270)
                                                                                                    	at com.android.server.wm.WindowOrganizerController.onTransact(WindowOrganizerController.java:233)
                                                                                                    	at android.os.Binder.execTransactInternal(Binder.java:1478)
                                                                                                    	at android.os.Binder.execTransact(Binder.java:1418)
2025-11-01 22:29:39.598   761-1320  Process                 system_server                        W  Unable to open /proc/6720/status
2025-11-01 22:29:39.604  1046-1113  WindowManagerShell      com.android.systemui                 V  Track 0 became idle
2025-11-01 22:29:39.604  1046-1113  WindowManagerShell      com.android.systemui                 V  All active transition animations finished
2025-11-01 22:29:39.607  1046-1113  ShellTaskOrganizer      com.android.systemui                 V  Task vanished taskId=46
2025-11-01 22:29:39.608  1046-1113  ShellTaskOrganizer      com.android.systemui                 V  Fullscreen Task Vanished: #46
2025-11-01 22:29:39.609  1046-1113  ShellDesktopMode        com.android.systemui                 D  AppToWebRepository: Task 46 is vanishing. Removing task data from repository
2025-11-01 22:29:39.616   761-1016  ImageReader_JNI         system_server                        W  Unable to acquire a buffer item, very likely client tried to acquire more than maxImages buffers
2025-11-01 22:29:39.627  1202-1202  RecentsView             com...le.android.apps.nexuslauncher  D  onTaskRemoved: 46, not handling task stack changes
2025-11-01 22:29:39.629  1202-1202  RecentsView             com...le.android.apps.nexuslauncher  D  onTaskRemoved: 46, not handling task stack changes
2025-11-01 22:29:39.630  1202-1202  b/417220811             com...le.android.apps.nexuslauncher  D  invalidateLoadedTasks - previous requestLoadId: -1
2025-11-01 22:29:39.633   596-596   BpTransact...edListener surfaceflinger                       E  Failed to transact (-32)
2025-11-01 22:29:39.644   761-1320  HWUI                    system_server                        D  --- Failed to create image decoder with message 'unimplemented'
2025-11-01 22:29:39.644   761-1320  WindowManager           system_server                        W  Failed to load bitmap: /data/system_ce/0/snapshots/0cf10536-c49d-483d-9c8a-2fcca62b6787/46.jpg
2025-11-01 22:29:39.644   761-1320  WindowManager           system_server                        W  takeTaskSnapshot: taskId=46 not found or not visible
2025-11-01 22:29:40.158   761-935   HalDevMgr               system_server                        I  bestIfaceCreationProposal is null, requestIface=STA, existingIface=[name=wlan0 type=STA]
2025-11-01 22:29:40.185   761-1248  ActivityManager         system_server                        D  sync unfroze 1976 com.google.android.gms for 6
2025-11-01 22:29:40.189   761-1248  ActivityManager         system_server                        D  sync unfroze 2421 com.google.android.adservices.api for 6
2025-11-01 22:29:40.201   761-1248  ProcessStats            system_server                        W  Tracking association SourceState{b55cb05 com.google.android.gms/10147 ImpBg #4667} whose proc state 6 is better than process ProcessState{5986c80 com.google.android.adservices.api/10213 pkg=com.google.android.adservices.api} proc state 14 (23 skipped)
2025-11-01 22:29:40.202  1359-6407  NetworkScheduler.Stats  com.google.android.gms.persistent    I  (REDACTED) Task %s/%s started execution. cause:%s exec_start_elapsed_seconds: %s
2025-11-01 22:29:40.206  1976-4672  ChimeraConfigurator     com.google.android.gms               I  Starting update, reason: 1 urgentFeatures: 
2025-11-01 22:29:40.224  1976-4672  FeatureMgr              com.google.android.gms               W  Attempted to request and unrequest the same feature: appsearch_impl. Ignoring unrequest.
2025-11-01 22:29:40.224  1976-4672  FeatureMgr              com.google.android.gms               W  Attempted to request and unrequest the same feature: antifingerprinting. Ignoring unrequest.
2025-11-01 22:29:40.246  1976-4672  ChimeraConfigurator     com.google.android.gms               I  Update complete: success
2025-11-01 22:29:40.253  1976-4672  GmsModuleFndr           com.google.android.gms               I  Beginning GMS chimera module scan
2025-11-01 22:29:40.256  1976-4672  ModuleSetResolution     com.google.android.gms               I  Computing pending module set with APKs: [[AdsFdrDynamite.integ:253405700100000], [Antifingerprinting.optional:253434100000], [Antifingerprinting.optional:254232100000], [Appsearch.optional:253434100800], [Appsearch.optional:254232100800], [MapsCoreDynamite.integ:252725201100800], [MapsCoreDynamite.integ:253425402100800], [MlkitBarcodeUi.optional:253434100800], [MlkitBarcodeUi.optional:254232100800], [MlkitOcrCommon.optional:253434100800], [MlkitOcrCommon.optional:254232100800], [PlayCloudSearch.optional:253434100000], [PlayCloudSearch.optional:254232100000], [TfliteDynamiteDynamite.integ:243930802100800], [VisionBarcode.optional:253434100800], [VisionBarcode.optional:254232100800], [VisionOcr.optional:253434100000], [VisionOcr.optional:254232100000], [Cronetdynamite:254232260800], [Dynamiteloader:254232260000], [Dynamitemodulesa:254232260000], [Dynamitemodulesc:254232260000], [Googlecertificates:254232260000], [Mapsdynamite:254232260000], [Measurementdynamite:254232260000]]
2025-11-01 22:29:40.261  1976-4672  ModuleSetResolution     com.google.android.gms               I  Pending container module APKs: [[Antifingerprinting.optional:254232100000], [Appsearch.optional:254232100800], [MapsCoreDynamite.integ:253425402100800], [MlkitBarcodeUi.optional:254232100800], [MlkitOcrCommon.optional:254232100800], [PlayCloudSearch.optional:254232100000], [TfliteDynamiteDynamite.integ:243930802100800], [VisionBarcode.optional:254232100800], [VisionOcr.optional:254232100000]]
2025-11-01 22:29:40.262  1976-4672  ModuleSetResolution     com.google.android.gms               I  Pending non-container module APKs: [[AdsFdrDynamite.integ:253405700100000]]
2025-11-01 22:29:40.270  1976-4672  Configuration           com.google.android.gms               V  Updating configuration, locales updated from [] to [en_US]
2025-11-01 22:29:40.274  1976-4672  Configuration           com.google.android.gms               V  Updating configuration, locales updated from [] to [en_US]
2025-11-01 22:29:40.277  1976-4672  Configuration           com.google.android.gms               V  Updating configuration, locales updated from [] to [en_US]
2025-11-01 22:29:40.280  1976-4672  Configuration           com.google.android.gms               V  Updating configuration, locales updated from [] to [en_US]
2025-11-01 22:29:40.282  1976-4672  Configuration           com.google.android.gms               V  Updating configuration, locales updated from [] to [en_US]
2025-11-01 22:29:40.284  1976-4672  Configuration           com.google.android.gms               V  Updating configuration, locales updated from [] to [en_US]
2025-11-01 22:29:40.287  1976-4672  Configuration           com.google.android.gms               V  Updating configuration, locales updated from [] to [en_US]
2025-11-01 22:29:40.289  1976-4672  Configuration           com.google.android.gms               V  Updating configuration, locales updated from [] to [en_US]
2025-11-01 22:29:40.291  1976-4672  Configuration           com.google.android.gms               V  Updating configuration, locales updated from [] to [en_US]
2025-11-01 22:29:40.299  1359-6767  NetworkScheduler.Stats  com.google.android.gms.persistent    I  (REDACTED) Task %s/%s finished executing. cause:%s result: %s elapsed_millis: %s uptime_millis: %s exec_start_elapsed_seconds: %s
2025-11-01 22:29:42.606   761-1775  TaskPersister           system_server                        E  File error accessing recents directory (directory doesn't exist?).
2025-11-01 22:29:43.166   761-935   HalDevMgr               system_server                        I  bestIfaceCreationProposal is null, requestIface=STA, existingIface=[name=wlan0 type=STA]
2025-11-01 22:29:45.786  1192-1335  SatelliteController     com.android.phone                    D  iisInCarrierRoamingNbIotNtn: satellite is disabled
2025-11-01 22:29:45.786  1192-1335  SatelliteController     com.android.phone                    D  getCarrierRoamingNtnConnectType: Falling back to global carrier config connect type: 0
