2025-11-01 22:28:30.692  6720-6720  nativeloader            com.dennnisver4.habithub             D  Configuring clns-9 for other apk /data/app/~~0ibU2NM9Eu0t9piH85q04w==/com.dennnisver4.habithub-HkoVjz6ZvvVVUObRZh_Luw==/base.apk. target_sdk_version=36, uses_libraries=, library_path=/data/app/~~0ibU2NM9Eu0t9piH85q04w==/com.dennnisver4.habithub-HkoVjz6ZvvVVUObRZh_Luw==/lib/x86_64:/data/app/~~0ibU2NM9Eu0t9piH85q04w==/com.dennnisver4.habithub-HkoVjz6ZvvVVUObRZh_Luw==/base.apk!/lib/x86_64, permitted_path=/data:/mnt/expand:/data/user/0/com.dennnisver4.habithub
2025-11-01 22:28:30.711  6720-6720  GraphicsEnvironment     com.dennnisver4.habithub             V  Currently set values for:
2025-11-01 22:28:30.711  6720-6720  GraphicsEnvironment     com.dennnisver4.habithub             V    angle_gl_driver_selection_pkgs=[]
2025-11-01 22:28:30.711  6720-6720  GraphicsEnvironment     com.dennnisver4.habithub             V    angle_gl_driver_selection_values=[]
2025-11-01 22:28:30.711  6720-6720  GraphicsEnvironment     com.dennnisver4.habithub             V  com.dennnisver4.habithub is not listed in per-application setting
2025-11-01 22:28:30.711  6720-6720  GraphicsEnvironment     com.dennnisver4.habithub             V  ANGLE allowlist from config: com.dreamgames.royalmatch com.dts.freefiremax com.dxx.firenow com.gramgames.mergedragons com.ludo.king com.mojang.minecraftpe com.my.defense com.nintendo.zaka com.os.airforce com.playrix.fishdomdd.gplay io.teslatech.callbreak jp.konami.prospia net.peakgames.toonblast
2025-11-01 22:28:30.711  6720-6720  GraphicsEnvironment     com.dennnisver4.habithub             V  No special selections for ANGLE, returning default driver choice
2025-11-01 22:28:30.712  6720-6720  GraphicsEnvironment     com.dennnisver4.habithub             V  Neither updatable production driver nor prerelease driver is supported.
2025-11-01 22:28:30.786   761-992   Background...rolService system_server                        D  Package event received: 0
2025-11-01 22:28:30.786   761-992   Background...rolService system_server                        D  Package event received: 0
2025-11-01 22:28:30.787  6720-6736  DisplayManager          com.dennnisver4.habithub             I  Choreographer implicitly registered for the refresh rate.
2025-11-01 22:28:30.825  6720-6720  DesktopExperienceFlags  com.dennnisver4.habithub             D  Toggle override initialized to: false
2025-11-01 22:28:30.828  6720-6736  GFXSTREAM               com.dennnisver4.habithub             I  [eglDisplay.cpp(297)] Opening libGLESv1_CM_emulation.so
2025-11-01 22:28:30.828  6720-6736  GFXSTREAM               com.dennnisver4.habithub             I  [eglDisplay.cpp(297)] Opening libGLESv2_emulation.so
2025-11-01 22:28:30.849  6720-6720  ashmem                  com.dennnisver4.habithub             E  Pinning is deprecated since Android Q. Please use trim or other methods.
2025-11-01 22:28:30.851  6720-6736  HWUI                    com.dennnisver4.habithub             W  Failed to choose config with EGL_SWAP_BEHAVIOR_PRESERVED, retrying without...
2025-11-01 22:28:30.852  6720-6736  HWUI                    com.dennnisver4.habithub             W  Failed to initialize 101010-2 format, error = EGL_SUCCESS
2025-11-01 22:28:30.874  6720-6720  CompatChangeReporter    com.dennnisver4.habithub             D  Compat change id reported: 377864165; UID 10219; state: ENABLED
2025-11-01 22:28:30.875  6720-6720  DesktopModeFlags        com.dennnisver4.habithub             D  Toggle override initialized to: OVERRIDE_UNSET
2025-11-01 22:28:30.967  6720-6720  HWUI                    com.dennnisver4.habithub             W  Unknown dataspace 0
2025-11-01 22:28:30.981   761-935   HalDevMgr               system_server                        I  bestIfaceCreationProposal is null, requestIface=STA, existingIface=[name=wlan0 type=STA]
2025-11-01 22:28:30.984  6720-6720  WindowOnBackDispatcher  com.dennnisver4.habithub             D  setTopOnBackInvokedCallback (unwrapped): android.app.Activity$$ExternalSyntheticLambda0@d3424b5
2025-11-01 22:28:30.987   761-1912  CoreBackPreview         system_server                        D  Window{e0a41a1 u0 com.dennnisver4.habithub/com.dennnisver4.habithub.SplashActivity}: Setting back callback OnBackInvokedCallbackInfo{mCallback=android.window.IOnBackInvokedCallback$Stub$Proxy@813cab4, mPriority=-1, mIsAnimationCallback=false, mOverrideBehavior=0}
2025-11-01 22:28:31.417  6720-6725  isver4.habithub         com.dennnisver4.habithub             I  Compiler allocated 5082KB to compile void android.view.ViewRootImpl.performTraversals()
2025-11-01 22:28:31.582  6720-6720  isver4.habithub         com.dennnisver4.habithub             I  hiddenapi: Accessing hidden method Landroid/os/SystemProperties;->addChangeCallback(Ljava/lang/Runnable;)V (runtime_flags=0, domain=platform, api=unsupported) from Landroidx/compose/ui/platform/AndroidComposeView$Companion; (domain=app, TargetSdkVersion=36) using reflection: allowed
2025-11-01 22:28:31.759  6720-6720  VRI[SplashActivity]     com.dennnisver4.habithub             D  WindowInsets changed: 1080x2400 statusBars:[0,63,0,0] navigationBars:[0,0,0,63] mandatorySystemGestures:[0,63,0,84] 
2025-11-01 22:28:31.805  6720-6720  HWUI                    com.dennnisver4.habithub             I  Using FreeType backend (prop=Auto)
2025-11-01 22:28:31.981   761-791   ActivityTaskManager     system_server                        I  Displayed com.dennnisver4.habithub/.SplashActivity for user 0: +2s366ms
2025-11-01 22:28:31.986  6720-6720  Choreographer           com.dennnisver4.habithub             I  Skipped 47 frames!  The application may be doing too much work on its main thread.
2025-11-01 22:28:31.993  6720-6731  HWUI                    com.dennnisver4.habithub             I  Davey! duration=992ms; Flags=1, FrameTimelineVsyncId=85125, IntendedVsync=5549600013246, Vsync=5549600013246, InputEventId=0, HandleInputStart=5549601303300, AnimationStart=5549601319900, PerformTraversalsStart=5549601342400, DrawStart=5550535468900, FrameDeadline=5549616679912, FrameStartTime=5549601295600, FrameInterval=16666666, WorkloadTarget=16666666, SyncQueued=5550548160300, SyncStart=5550556435000, IssueDrawCommandsStart=5550556625000, SwapBuffers=5550589482700, FrameCompleted=5550601216400, DequeueBufferDuration=20700, QueueBufferDuration=293800, GpuCompleted=5550601216400, SwapBuffersCompleted=5550593456500, DisplayPresentTime=0, CommandSubmissionCompleted=5550589482700, 
2025-11-01 22:28:32.024  1359-3904  FontLog                 com.google.android.gms.persistent    I  (REDACTED) Received query %s, URI %s
2025-11-01 22:28:32.024  1359-3904  FontLog                 com.google.android.gms.persistent    I  (REDACTED) Query [%s] resolved to %s
2025-11-01 22:28:32.030  1359-3904  FontLog                 com.google.android.gms.persistent    I  (REDACTED) Fetch %s end status %s
2025-11-01 22:28:32.042  1359-3904  FontLog                 com.google.android.gms.persistent    I  (REDACTED) Pulling font file for id = %d, cache size = %d
2025-11-01 22:28:32.053  1359-3904  FontLog                 com.google.android.gms.persistent    I  (REDACTED) Pulling font file for id = %d, cache size = %d
2025-11-01 22:28:32.057   761-900   ImeTracker              system_server                        I  com.dennnisver4.habithub:962b00de: onRequestHide at ORIGIN_SERVER reason HIDE_UNSPECIFIED_WINDOW fromUser false
2025-11-01 22:28:32.077  1538-1538  GoogleInpu...hodService com...gle.android.inputmethod.latin  I  GoogleInputMethodService.onFinishInput():2057 
2025-11-01 22:28:32.077  6720-6720  InsetsController        com.dennnisver4.habithub             D  hide(ime())
2025-11-01 22:28:32.077  6720-6720  ImeTracker              com.dennnisver4.habithub             I  com.dennnisver4.habithub:962b00de: onCancelled at PHASE_CLIENT_ALREADY_HIDDEN
2025-11-01 22:28:32.077   761-1967  ImeTracker              system_server                        I  system_server:da4a8a7e: onRequestHide at ORIGIN_SERVER reason IME_REQUESTED_CHANGED_LISTENER fromUser false
2025-11-01 22:28:32.087   761-794   ImeTracker              system_server                        I  system_server:da4a8a7e: onCancelled at PHASE_SERVER_SHOULD_HIDE
2025-11-01 22:28:32.092  1538-1538  Module                  com...gle.android.inputmethod.latin  I  DeviceLockedStatusModuleProvider$Module.updateDeviceLockedStatus():100 repeatCheckTimes = 0, locked = false
2025-11-01 22:28:32.095  1538-1538  GoogleInpu...hodService com...gle.android.inputmethod.latin  I  GoogleInputMethodService.onStartInput():1318 onStartInput(EditorInfo{EditorInfo{packageName=com.dennnisver4.habithub, inputType=0, inputTypeString=NULL, enableLearning=false, autoCorrection=false, autoComplete=false, imeOptions=0, privateImeOptions=null, actionName=UNSPECIFIED, actionLabel=null, initialSelStart=-1, initialSelEnd=-1, initialCapsMode=0, label=null, fieldId=0, fieldName=null, extras=null, hintText=null, hintLocales=[]}}, false)
2025-11-01 22:28:32.103  1538-1538  Module                  com...gle.android.inputmethod.latin  I  DeviceLockedStatusModuleProvider$Module.updateDeviceLockedStatus():100 repeatCheckTimes = 1, locked = false
2025-11-01 22:28:32.107   761-1967  PackageConfigPersister  system_server                        W  App-specific configuration not found for packageName: com.dennnisver4.habithub and userId: 0
2025-11-01 22:28:32.179  1202-1202  BaseActivity            com...le.android.apps.nexuslauncher  D  Launcher flags updated: [] -[state_started]
2025-11-01 22:28:32.179  1202-1202  BaseDepthController     com...le.android.apps.nexuslauncher  D  setSurface:
                                                                                                    	mWaitingOnSurfaceValidity: false
                                                                                                    	mBaseSurface: null
2025-11-01 22:28:32.179  1202-1202  BaseDepthController     com...le.android.apps.nexuslauncher  D  mSurface is null and mCurrentBlur is: 79
2025-11-01 22:28:32.180  1202-1202  ActivityContext         com...le.android.apps.nexuslauncher  D  hideKeyboard
2025-11-01 22:28:32.180  1202-1202  ActivityContext         com...le.android.apps.nexuslauncher  D  isImeShown: false
2025-11-01 22:28:32.180  1202-1202  StatsLog                com...le.android.apps.nexuslauncher  D  LAUNCHER_ONSTOP
2025-11-01 22:28:32.182  1202-4632  GmsPlayProvider         com...le.android.apps.nexuslauncher  D  Shutdown the binder channel gracefully.
2025-11-01 22:28:32.182  1202-4632  GmsPlayProvider         com...le.android.apps.nexuslauncher  D  Binder channel is terminated gracefully.
2025-11-01 22:28:32.183  1202-1202  StatsLog                com...le.android.apps.nexuslauncher  D  LAUNCHER_GOOGLE_SEARCH_RESTORE_LIST_SIZE_AFTER_ACTIVITY_RESTART
2025-11-01 22:28:32.212   761-992   Background...rolService system_server                        D  Package event received: 0
2025-11-01 22:28:32.354   639-737   libbinder....hreadState cameraserver                         W  Sending oneway calls to frozen process.
2025-11-01 22:28:32.354   639-737   libbinder....hreadState cameraserver                         W  Sending oneway calls to frozen process.
2025-11-01 22:28:32.597  1046-1053  System                  com.android.systemui                 W  A resource failed to call release. 
2025-11-01 22:28:32.597  1046-1053  System                  com.android.systemui                 W  A resource failed to call release. 
2025-11-01 22:28:32.597  1046-1053  System                  com.android.systemui                 W  A resource failed to call release. 
2025-11-01 22:28:32.598  1046-1053  System                  com.android.systemui                 W  A resource failed to call release. 
2025-11-01 22:28:32.598  1046-1053  System                  com.android.systemui                 W  A resource failed to call release. 
2025-11-01 22:28:32.598  1046-1053  System                  com.android.systemui                 W  A resource failed to call release. 
2025-11-01 22:28:32.598  1046-1053  System                  com.android.systemui                 W  A resource failed to call release. 
2025-11-01 22:28:32.599  1046-1053  System                  com.android.systemui                 W  A resource failed to call release. 
2025-11-01 22:28:32.848   761-1775  TaskPersister           system_server                        E  File error accessing recents directory (directory doesn't exist?).
2025-11-01 22:28:33.803   761-1242  WindowManager           system_server                        V  DesktopModeLaunchParamsModifier: phase= 0 task=null activity=null display-area-from-source=DefaultTaskDisplayArea@25469451 display-id=0 task-display-area-windowing-mode=1 suggested-display-area=DefaultTaskDisplayArea@25469451 task null, skipping
2025-11-01 22:28:33.803   761-1242  WindowManager           system_server                        V  TaskLaunchParamsModifier:phase=0 task=null activity=null display-area-from-source=DefaultTaskDisplayArea@25469451 display-id=0 task-display-area-windowing-mode=1 suggested-display-area=DefaultTaskDisplayArea@25469451
2025-11-01 22:28:33.805   761-1242  Grammatica...ctionUtils system_server                        V  AttributionSource: android.content.AttributionSource@8caa507d does not have READ_SYSTEM_GRAMMATICAL_GENDER permission.
2025-11-01 22:28:33.811   761-1242  CompatChangeReporter    system_server                        D  Compat change id reported: 358129114; UID 10219; state: ENABLED
2025-11-01 22:28:33.812   761-1242  WindowManager           system_server                        V  DesktopModeLaunchParamsModifier: phase= 0 task=null activity=ActivityRecord{170496434 u0 com.dennnisver4.habithub/.MainActivity display-area-from-source=DefaultTaskDisplayArea@25469451 display-id=0 task-display-area-windowing-mode=1 suggested-display-area=DefaultTaskDisplayArea@25469451 task null, skipping
2025-11-01 22:28:33.812   761-1242  WindowManager           system_server                        V  TaskLaunchParamsModifier:phase=0 task=null activity=ActivityRecord{170496434 u0 com.dennnisver4.habithub/.MainActivity t-1} display-area-from-source=DefaultTaskDisplayArea@25469451 display-id=0 task-display-area-windowing-mode=1 suggested-display-area=DefaultTaskDisplayArea@25469451
2025-11-01 22:28:33.813   761-1242  WindowManager           system_server                        V  DesktopModeLaunchParamsModifier: phase= 3 task=Task{341c3b6 #46 type=standard A=10219:com.dennnisver4.habithub} activity=ActivityRecord{170496434 u0 com.dennnisver4.habithub/.MainActivity t-1} display-area-from-source=DefaultTaskDisplayArea@25469451 display-id=0 task-display-area-windowing-mode=1 suggested-display-area=DefaultTaskDisplayArea@25469451 not entering desktop mode, skipping
2025-11-01 22:28:33.813   761-1242  WindowManager           system_server                        V  TaskLaunchParamsModifier:phase=3 task=Task{341c3b6 #46 type=standard A=10219:com.dennnisver4.habithub} activity=ActivityRecord{170496434 u0 com.dennnisver4.habithub/.MainActivity t-1} display-area-from-source=DefaultTaskDisplayArea@25469451 display-id=0 task-display-area-windowing-mode=1 suggested-display-area=DefaultTaskDisplayArea@25469451 inherit-from-source=fullscreen non-freeform-task-display-area display-area=DefaultTaskDisplayArea@25469451 skip-bounds-fullscreen
2025-11-01 22:28:33.815   761-1242  WindowManager           system_server                        V  DesktopModeLaunchParamsModifier: phase= 3 task=Task{341c3b6 #46 type=standard A=10219:com.dennnisver4.habithub} activity=ActivityRecord{170496434 u0 com.dennnisver4.habithub/.MainActivity t-1} display-area-from-source=DefaultTaskDisplayArea@25469451 display-id=0 task-display-area-windowing-mode=1 suggested-display-area=DefaultTaskDisplayArea@25469451 not entering desktop mode, skipping
2025-11-01 22:28:33.815   761-1242  WindowManager           system_server                        V  TaskLaunchParamsModifier:phase=3 task=Task{341c3b6 #46 type=standard A=10219:com.dennnisver4.habithub} activity=ActivityRecord{170496434 u0 com.dennnisver4.habithub/.MainActivity t-1} display-area-from-source=DefaultTaskDisplayArea@25469451 display-id=0 task-display-area-windowing-mode=1 suggested-display-area=DefaultTaskDisplayArea@25469451 inherit-from-source=fullscreen non-freeform-task-display-area display-area=DefaultTaskDisplayArea@25469451 skip-bounds-fullscreen
2025-11-01 22:28:33.817   761-1242  WindowManager           system_server                        V  DesktopModeLaunchParamsModifier: phase= 3 task=Task{341c3b6 #46 type=standard A=10219:com.dennnisver4.habithub} activity=ActivityRecord{170496434 u0 com.dennnisver4.habithub/.MainActivity t-1} display-area-from-source=DefaultTaskDisplayArea@25469451 display-id=0 task-display-area-windowing-mode=1 suggested-display-area=DefaultTaskDisplayArea@25469451 not entering desktop mode, skipping
2025-11-01 22:28:33.817   761-1242  WindowManager           system_server                        V  TaskLaunchParamsModifier:phase=3 task=Task{341c3b6 #46 type=standard A=10219:com.dennnisver4.habithub} activity=ActivityRecord{170496434 u0 com.dennnisver4.habithub/.MainActivity t-1} display-area-from-source=DefaultTaskDisplayArea@25469451 display-id=0 task-display-area-windowing-mode=1 suggested-display-area=DefaultTaskDisplayArea@25469451 inherit-from-source=fullscreen non-freeform-task-display-area display-area=DefaultTaskDisplayArea@25469451 skip-bounds-fullscreen
2025-11-01 22:28:33.823   596-1286  libbinder.BpBinder      surfaceflinger                       I  onLastStrongRef automatically unlinking death recipients for descriptor: '(not cached)'
2025-11-01 22:28:33.828   761-1242  ActivityTaskManager     system_server                        I  START u0 {xflg=0x4 cmp=com.dennnisver4.habithub/.MainActivity} with LAUNCH_MULTIPLE from uid 10219 (com.dennnisver4.habithub) (sr=110620497) (BAL_ALLOW_VISIBLE_WINDOW) result code=0
2025-11-01 22:28:33.830  1046-1113  WindowManagerShell      com.android.systemui                 V  Transition requested (#27): android.os.BinderProxy@ff530c2 TransitionRequestInfo { type = OPEN, triggerTask = TaskInfo{userId=0 taskId=46 effectiveUid=10219 displayId=0 isRunning=true baseIntent=Intent { act=android.intent.action.MAIN cat=[android.intent.category.LAUNCHER] flg=0x10000000 cmp=com.dennnisver4.habithub/.SplashActivity } baseActivity=ComponentInfo{com.dennnisver4.habithub/com.dennnisver4.habithub.SplashActivity} topActivity=ComponentInfo{com.dennnisver4.habithub/com.dennnisver4.habithub.MainActivity} origActivity=null realActivity=ComponentInfo{com.dennnisver4.habithub/com.dennnisver4.habithub.SplashActivity} numActivities=2 lastActiveTime=5552440 supportsMultiWindow=true resizeMode=1 isResizeable=true minWidth=-1 minHeight=-1 defaultMinSize=220 token=WCT{android.os.BinderProxy@cf8eeac} topActivityType=1 pictureInPictureParams=null shouldDockBigOverlays=false launchIntoPipHostTaskId=-1 lastParentTaskIdBeforePip=-1 displayCutoutSafeInsets=Rect(0, 0 - 0, 0) topActivityInfo=ActivityInfo{84d0ed3 com.dennnisver4.habithub.MainActivity} launchCookies=[] positionInParent=Point(0, 0) parentTaskId=-1 isFocused=true isVisible=true isVisibleRequested=true isTopActivityNoDisplay=false isSleeping=false locusId=null displayAreaFeatureId=1 isTopActivityTransparent=false isActivityStackTransparent=false lastNonFullscreenBounds=null capturedLink=null capturedLinkTimestamp=0 requestedVisibleTypes=503 topActivityRequestOpenInBrowserEducationTimestamp=0 appCompatTaskInfo=AppCompatTaskInfo { topActivityInSizeCompat=false isLeafTask= true eligibleForLetterboxEducation= false isLetterboxEducationEnabled= true isLetterboxDoubleTapEnabled= false eligibleForUserAspectRatioButton= false topActivityBoundsLetterboxed= false isFromLetterboxDoubleTap= false topActivityLetterboxVerticalPosition= -1 topActivityLetterboxHorizontalPosition= -1 topActivityLetterboxWidth=-1 topActivityLetterboxHeight=-1 topActivityAppBounds=Rect(0, 0 - 1080, 2400) isUserFullscreenOverrideEnabled=false isSystemFullscreenOverrideEnabled=false hasMinAspectRatioOverride=false topActivityLetterboxBounds=null cameraCompatTaskInfo=CameraCompatTaskInfo { cameraCompatMode=inactive0} topNonResizableActivityAspectRatio=-1.0} topActivityMainWindowFrame=null isAppBubble=false}, pipChange = null, remoteTransition = null, displayChange = null, requestedLocation = null, userChange = null, windowingLayerChange = null, flags = 0, debugId = 27 }
2025-11-01 22:28:33.831  1046-1113  ShellSplitScreen        com.android.systemui                 D  logExit: no-op, mLoggerSessionId is null
2025-11-01 22:28:33.856   761-992   Background...rolService system_server                        D  Package event received: 0
2025-11-01 22:28:33.867   761-992   Background...rolService system_server                        D  Package event received: 0
2025-11-01 22:28:33.868   761-992   Background...rolService system_server                        D  Package event received: 0
2025-11-01 22:28:33.918  6720-6720  WindowOnBackDispatcher  com.dennnisver4.habithub             D  setTopOnBackInvokedCallback (unwrapped): android.app.Activity$$ExternalSyntheticLambda0@2163c6
2025-11-01 22:28:33.920   761-1242  CoreBackPreview         system_server                        D  Window{89b16fe u0 com.dennnisver4.habithub/com.dennnisver4.habithub.MainActivity}: Setting back callback OnBackInvokedCallbackInfo{mCallback=android.window.IOnBackInvokedCallback$Stub$Proxy@950ac, mPriority=-1, mIsAnimationCallback=false, mOverrideBehavior=0}
2025-11-01 22:28:33.963  1202-1202  b/417220811             com...le.android.apps.nexuslauncher  D  invalidateLoadedTasks - previous requestLoadId: -1
2025-11-01 22:28:33.989   761-935   HalDevMgr               system_server                        I  bestIfaceCreationProposal is null, requestIface=STA, existingIface=[name=wlan0 type=STA]
2025-11-01 22:28:34.181  6720-6720  VRI[MainActivity]       com.dennnisver4.habithub             D  WindowInsets changed: 1080x2400 statusBars:[0,63,0,0] navigationBars:[0,0,0,63] mandatorySystemGestures:[0,63,0,84] 
2025-11-01 22:28:34.881  1046-1188  WindowManagerShell      com.android.systemui                 V  onTransitionReady(transaction=3268470114709)
2025-11-01 22:28:34.881  1046-1113  WindowManagerShell      com.android.systemui                 V  onTransitionReady (#27) android.os.BinderProxy@ff530c2: {id=27 t=OPEN f=0x0 trk=0 r=[0@Point(0, 0)] c=[
                                                                                                            {m=OPEN f=FILLS_TASK leash=Surface(name=ActivityRecord{170496434 u0 com.dennnisver4.habithub/.MainActivity t46}#390)/@0xd85ca10 sb=Rect(0, 0 - 0, 0) eb=Rect(0, 0 - 1080, 2400) epz=Point(1080, 2400) d=-1->0 r=-1->0:-1 bc=fffafafa activity=ActivityTransitionInfo { component = ComponentInfo{com.dennnisver4.habithub/com.dennnisver4.habithub.MainActivity}, taskId = 46, appCompatTransitionInfo = null } opt={t=FROM_STYLE mUserId=0}},
                                                                                                            {m=CLOSE f=FILLS_TASK leash=Surface(name=ActivityRecord{110620497 u0 com.dennnisver4.habithub/.SplashActivity t46}#376)/@0xde81909 sb=Rect(0, 0 - 1080, 2400) eb=Rect(0, 0 - 1080, 2400) epz=Point(1080, 2400) d=0 bc=fffafafa activity=ActivityTransitionInfo { component = ComponentInfo{com.dennnisver4.habithub/com.dennnisver4.habithub.SplashActivity}, taskId = 46, appCompatTransitionInfo = null } opt={t=FROM_STYLE mUserId=0}}
                                                                                                        ]}
2025-11-01 22:28:34.881   761-791   ActivityTaskManager     system_server                        I  Displayed com.dennnisver4.habithub/.MainActivity for user 0: +1s77ms
2025-11-01 22:28:34.881  1046-1113  WindowManagerShell      com.android.systemui                 V  Playing animation for (#27) android.os.BinderProxy@ff530c2@0
2025-11-01 22:28:34.881  1046-1113  ShellRecents            com.android.systemui                 V  RecentsTransitionHandler.startAnimation: no controller found
2025-11-01 22:28:34.882  1046-1113  WindowManagerShell      com.android.systemui                 V  Transition doesn't have explicit remote, search filters for match for {id=27 t=OPEN f=0x0 trk=0 r=[0@Point(0, 0)] c=[{m=OPEN f=FILLS_TASK leash=Surface(name=ActivityRecord{170496434 u0 com.dennnisver4.habithub/.MainActivity t46}#390)/@0xd85ca10 sb=Rect(0, 0 - 0, 0) eb=Rect(0, 0 - 1080, 2400) epz=Point(1080, 2400) d=-1->0 r=-1->0:-1 bc=fffafafa activity=ActivityTransitionInfo { component = ComponentInfo{com.dennnisver4.habithub/com.dennnisver4.habithub.MainActivity}, taskId = 46, appCompatTransitionInfo = null } opt={t=FROM_STYLE mUserId=0}},{m=CLOSE f=FILLS_TASK leash=Surface(name=ActivityRecord{110620497 u0 com.dennnisver4.habithub/.SplashActivity t46}#376)/@0xde81909 sb=Rect(0, 0 - 1080, 2400) eb=Rect(0, 0 - 1080, 2400) epz=Point(1080, 2400) d=0 bc=fffafafa activity=ActivityTransitionInfo { component = ComponentInfo{com.dennnisver4.habithub/com.dennnisver4.habithub.SplashActivity}, taskId = 46, appCompatTransitionInfo = null } opt={t=FROM_STYLE mUserId=0}}]}
2025-11-01 22:28:34.882  1046-1113  WindowManagerShell      com.android.systemui                 V   Checking filter Pair{{types=[] flags=0x0] notFlags=0x0 checks=[{atype=undefined independent=true modes=[CLOSE,TO_BACK] flags=IN_TASK_WITH_EMBEDDED_ACTIVITY mustBeTask=false order=ANY topActivity=null launchCookie=null taskFragmentToken=android.os.BinderProxy@92f083d windowingMode=undefined isCrossDisplayMove=false}]} RemoteTransition { remoteTransition = android.window.IRemoteTransition$Stub$Proxy@9b74832, appThread = android.app.IApplicationThread$Stub$Proxy@3b52983, debugName = overlayBackTransition }}
2025-11-01 22:28:34.882  1046-1113  WindowManagerShell      com.android.systemui                 V   Checking filter Pair{{types=[] flags=0x0] notFlags=0x0 checks=[{atype=dream independent=true modes=[OPEN,TO_FRONT] flags=NONE mustBeTask=false order=ANY topActivity=null launchCookie=null windowingMode=undefined isCrossDisplayMove=false},{atype=home independent=true modes=[CLOSE,TO_BACK] flags=NONE mustBeTask=false order=ANY topActivity=null launchCookie=null windowingMode=undefined isCrossDisplayMove=false}]} RemoteTransition { remoteTransition = android.window.IRemoteTransition$Stub$Proxy@51ac700, appThread = android.app.IApplicationThread$Stub$Proxy@f08eb39, debugName = LauncherToDream }}
2025-11-01 22:28:34.882  1046-1113  WindowManagerShell      com.android.systemui                 V   Checking filter Pair{{types=[] flags=0x0] notFlags=0x100 checks=[{atype=home independent=true modes=[OPEN,TO_FRONT] flags=NONE mustBeTask=false order=TOP topActivity=ComponentInfo{com.google.android.apps.nexuslauncher/com.google.android.apps.nexuslauncher.NexusLauncherActivity} launchCookie=null windowingMode=undefined isCrossDisplayMove=false},{atype=standard independent=true modes=[CLOSE,TO_BACK] flags=NONE mustBeTask=false order=ANY topActivity=null launchCookie=null windowingMode=undefined isCrossDisplayMove=false},{NOT atype=undefined independent=true modes=[] flags=NONE mustBeTask=true order=ANY topActivity=null launchCookie=null customAnim=true windowingMode=undefined isCrossDisplayMove=false}]} RemoteTransition { remoteTransition = android.window.IRemoteTransition$Stub$Proxy@58db57e, appThread = android.app.IApplicationThread$Stub$Proxy@816dadf, debugName = QuickstepLaunchHome }}
2025-11-01 22:28:34.882  1046-1113  WindowManagerShell      com.android.systemui                 V   Delegate animation for (#27) to null
2025-11-01 22:28:34.882  1046-1113  WindowManagerShell      com.android.systemui                 V  start default transition animation, info = {id=27 t=OPEN f=0x0 trk=0 r=[0@Point(0, 0)] c=[{m=OPEN f=FILLS_TASK leash=Surface(name=ActivityRecord{170496434 u0 com.dennnisver4.habithub/.MainActivity t46}#390)/@0xd85ca10 sb=Rect(0, 0 - 0, 0) eb=Rect(0, 0 - 1080, 2400) epz=Point(1080, 2400) d=-1->0 r=-1->0:-1 bc=fffafafa activity=ActivityTransitionInfo { component = ComponentInfo{com.dennnisver4.habithub/com.dennnisver4.habithub.MainActivity}, taskId = 46, appCompatTransitionInfo = null } opt={t=FROM_STYLE mUserId=0}},{m=CLOSE f=FILLS_TASK leash=Surface(name=ActivityRecord{110620497 u0 com.dennnisver4.habithub/.SplashActivity t46}#376)/@0xde81909 sb=Rect(0, 0 - 1080, 2400) eb=Rect(0, 0 - 1080, 2400) epz=Point(1080, 2400) d=0 bc=fffafafa activity=ActivityTransitionInfo { component = ComponentInfo{com.dennnisver4.habithub/com.dennnisver4.habithub.SplashActivity}, taskId = 46, appCompatTransitionInfo = null } opt={t=FROM_STYLE mUserId=0}}]}
2025-11-01 22:28:34.883  1046-1113  WindowManagerShell      com.android.systemui                 V  loadAnimation: anim=android.view.animation.AnimationSet@6ac161a animAttr=0x5 type=OPEN isEntrance=false
2025-11-01 22:28:34.884  1046-1113  WindowManagerShell      com.android.systemui                 V  loadAnimation: anim=android.view.animation.AnimationSet@99ce041 animAttr=0x4 type=OPEN isEntrance=true
2025-11-01 22:28:34.884  1046-1113  WindowManagerShell      com.android.systemui                 V   animated by com.android.wm.shell.transition.DefaultTransitionHandler@35dbebe
2025-11-01 22:28:34.905  6720-6730  HWUI                    com.dennnisver4.habithub             I  Davey! duration=1000ms; Flags=1, FrameTimelineVsyncId=86381, IntendedVsync=5552500013130, Vsync=5552516679796, InputEventId=0, HandleInputStart=5552529752700, AnimationStart=5552529770300, PerformTraversalsStart=5552535941200, DrawStart=5553450274100, FrameDeadline=5552516679796, FrameStartTime=5552529737300, FrameInterval=16666666, WorkloadTarget=16666666, SyncQueued=5553484026200, SyncStart=5553484560000, IssueDrawCommandsStart=5553484706000, SwapBuffers=5553492876800, FrameCompleted=5553500813600, DequeueBufferDuration=18400, QueueBufferDuration=189600, GpuCompleted=5553500813600, SwapBuffersCompleted=5553493484100, DisplayPresentTime=0, CommandSubmissionCompleted=5553492876800, 
2025-11-01 22:28:34.905  6720-6730  HWUI                    com.dennnisver4.habithub             I  Davey! duration=1000ms; Flags=1, FrameTimelineVsyncId=86381, IntendedVsync=5552500013130, Vsync=5552516679796, InputEventId=0, HandleInputStart=5552529752700, AnimationStart=5552529770300, PerformTraversalsStart=5552535941200, DrawStart=5553494139700, FrameDeadline=5552533346462, FrameStartTime=5552529737300, FrameInterval=16666666, WorkloadTarget=16666666, SyncQueued=5553495646100, SyncStart=5553496000800, IssueDrawCommandsStart=5553496049900, SwapBuffers=5553496748000, FrameCompleted=5553500804400, DequeueBufferDuration=19100, QueueBufferDuration=144000, GpuCompleted=5553500804400, SwapBuffersCompleted=5553497322500, DisplayPresentTime=0, CommandSubmissionCompleted=5553496748000, 
2025-11-01 22:28:34.907   761-791   WindowManager           system_server                        V  Sent Transition (#27) createdAt=11-01 21:28:33.812 via request=TransitionRequestInfo { type = OPEN, triggerTask = TaskInfo{userId=0 taskId=46 effectiveUid=10219 displayId=0 isRunning=true baseIntent=Intent { act=android.intent.action.MAIN cat=[android.intent.category.LAUNCHER] flg=0x10000000 cmp=com.dennnisver4.habithub/.SplashActivity } baseActivity=ComponentInfo{com.dennnisver4.habithub/com.dennnisver4.habithub.SplashActivity} topActivity=ComponentInfo{com.dennnisver4.habithub/com.dennnisver4.habithub.MainActivity} origActivity=null realActivity=ComponentInfo{com.dennnisver4.habithub/com.dennnisver4.habithub.SplashActivity} numActivities=2 lastActiveTime=5552440 supportsMultiWindow=true resizeMode=1 isResizeable=true minWidth=-1 minHeight=-1 defaultMinSize=220 token=WCT{RemoteToken{fdd4d43 Task{341c3b6 #46 type=standard A=10219:com.dennnisver4.habithub}}} topActivityType=1 pictureInPictureParams=null shouldDockBigOverlays=false launchIntoPipHostTaskId=-1 lastParentTaskIdBeforePip=-1 displayCutoutSafeInsets=Rect(0, 0 - 0, 0) topActivityInfo=ActivityInfo{785da2d com.dennnisver4.habithub.MainActivity} launchCookies=[] positionInParent=Point(0, 0) parentTaskId=-1 isFocused=true isVisible=true isVisibleRequested=true isTopActivityNoDisplay=false isSleeping=false locusId=null displayAreaFeatureId=1 isTopActivityTransparent=false isActivityStackTransparent=false lastNonFullscreenBounds=null capturedLink=null capturedLinkTimestamp=0 requestedVisibleTypes=503 topActivityRequestOpenInBrowserEducationTimestamp=0 appCompatTaskInfo=AppCompatTaskInfo { topActivityInSizeCompat=false isLeafTask= true eligibleForLetterboxEducation= false isLetterboxEducationEnabled= true isLetterboxDoubleTapEnabled= false eligibleForUserAspectRatioButton= false topActivityBoundsLetterboxed= false isFromLetterboxDoubleTap= false topActivityLetterboxVerticalPosition= -1 topActivityLetterboxHorizontalPosition= -1 topActivityLetterboxWidth=-1 topActivityLetterboxHeight=-1 topActivityAppBounds=Rect(0, 0 - 1080, 2400) isUserFullscreenOverrideEnabled=false isSystemFullscreenOverrideEnabled=false hasMinAspectRatioOverride=false topActivityLetterboxBounds=null cameraCompatTaskInfo=CameraCompatTaskInfo { cameraCompatMode=inactive0} topNonResizableActivityAspectRatio=-1.0} topActivityMainWindowFrame=null isAppBubble=false}, pipChange = null, remoteTransition = null, displayChange = null, requestedLocation = null, userChange = null, windowingLayerChange = null, flags = 0, debugId = 27 }
2025-11-01 22:28:34.907   761-791   WindowManager           system_server                        V      startWCT=WindowContainerTransaction { changes= {} hops= [] errorCallbackToken=null taskFragmentOrganizer=null }
2025-11-01 22:28:34.907   761-791   WindowManager           system_server                        V      info={id=27 t=OPEN f=0x0 trk=0 r=[0@Point(0, 0)] c=[
                                                                                                            {m=OPEN f=FILLS_TASK leash=Surface(name=ActivityRecord{170496434 u0 com.dennnisver4.habithub/.MainActivity t46}#390)/@0xd6907d6 sb=Rect(0, 0 - 0, 0) eb=Rect(0, 0 - 1080, 2400) epz=Point(1080, 2400) d=-1->0 r=-1->0:-1 bc=fffafafa activity=ActivityTransitionInfo { component = ComponentInfo{com.dennnisver4.habithub/com.dennnisver4.habithub.MainActivity}, taskId = 46, appCompatTransitionInfo = null } opt={t=FROM_STYLE mUserId=0}},
                                                                                                            {m=CLOSE f=FILLS_TASK leash=Surface(name=ActivityRecord{110620497 u0 com.dennnisver4.habithub/.SplashActivity t46}#376)/@0xebf2ff1 sb=Rect(0, 0 - 1080, 2400) eb=Rect(0, 0 - 1080, 2400) epz=Point(1080, 2400) d=0 bc=fffafafa activity=ActivityTransitionInfo { component = ComponentInfo{com.dennnisver4.habithub/com.dennnisver4.habithub.SplashActivity}, taskId = 46, appCompatTransitionInfo = null } opt={t=FROM_STYLE mUserId=0}}
                                                                                                        ]}
2025-11-01 22:28:34.921  6720-6720  MonthlyCalendarScreen   com.dennnisver4.habithub             D   Locale usado en Calendar: en (English (United States))
2025-11-01 22:28:34.932  6720-6720  Choreographer           com.dennnisver4.habithub             I  Skipped 60 frames!  The application may be doing too much work on its main thread.
2025-11-01 22:28:34.987  6720-6730  HWUI                    com.dennnisver4.habithub             I  Davey! duration=1065ms; Flags=0, FrameTimelineVsyncId=86396, IntendedVsync=5552533346462, Vsync=5553533346422, InputEventId=0, HandleInputStart=5553550414400, AnimationStart=5553550433200, PerformTraversalsStart=5553583493800, DrawStart=5553583775100, FrameDeadline=5553533346422, FrameStartTime=5553549754300, FrameInterval=16666666, WorkloadTarget=16666666, SyncQueued=5553586286000, SyncStart=5553587720800, IssueDrawCommandsStart=5553587794600, SwapBuffers=5553588736800, FrameCompleted=5553600506200, DequeueBufferDuration=19800, QueueBufferDuration=254100, GpuCompleted=5553600506200, SwapBuffersCompleted=5553592799300, DisplayPresentTime=0, CommandSubmissionCompleted=5553588736800, 
2025-11-01 22:28:34.988  6720-6730  HWUI                    com.dennnisver4.habithub             I  Davey! duration=1061ms; Flags=0, FrameTimelineVsyncId=86396, IntendedVsync=5552533346462, Vsync=5553533346422, InputEventId=0, HandleInputStart=5553550414400, AnimationStart=5553550433200, PerformTraversalsStart=5553583493800, DrawStart=5553587943100, FrameDeadline=5553533346422, FrameStartTime=5553549754300, FrameInterval=16666666, WorkloadTarget=16666666, SyncQueued=5553589636800, SyncStart=5553595023000, IssueDrawCommandsStart=5553595104000, SwapBuffers=5553596874300, FrameCompleted=5553600476100, DequeueBufferDuration=25200, QueueBufferDuration=213000, GpuCompleted=5553600476100, SwapBuffersCompleted=5553597770600, DisplayPresentTime=0, CommandSubmissionCompleted=5553596874300, 
2025-11-01 22:28:35.003   761-900   ImeTracker              system_server                        I  com.dennnisver4.habithub:b6d80f0c: onRequestHide at ORIGIN_SERVER reason HIDE_UNSPECIFIED_WINDOW fromUser false
2025-11-01 22:28:35.007   761-1967  ImeTracker              system_server                        I  system_server:4b478b59: onRequestHide at ORIGIN_SERVER reason IME_REQUESTED_CHANGED_LISTENER fromUser false
2025-11-01 22:28:35.009  1538-1538  GoogleInpu...hodService com...gle.android.inputmethod.latin  I  GoogleInputMethodService.onFinishInput():2057 
2025-11-01 22:28:35.010   761-794   ImeTracker              system_server                        I  system_server:4b478b59: onCancelled at PHASE_SERVER_SHOULD_HIDE
2025-11-01 22:28:35.011  1538-1538  Module                  com...gle.android.inputmethod.latin  I  DeviceLockedStatusModuleProvider$Module.updateDeviceLockedStatus():100 repeatCheckTimes = 0, locked = false
2025-11-01 22:28:35.017  1538-1538  GoogleInpu...hodService com...gle.android.inputmethod.latin  I  GoogleInputMethodService.onStartInput():1318 onStartInput(EditorInfo{EditorInfo{packageName=com.dennnisver4.habithub, inputType=0, inputTypeString=NULL, enableLearning=false, autoCorrection=false, autoComplete=false, imeOptions=0, privateImeOptions=null, actionName=UNSPECIFIED, actionLabel=null, initialSelStart=-1, initialSelEnd=-1, initialCapsMode=0, label=null, fieldId=0, fieldName=null, extras=null, hintText=null, hintLocales=[]}}, false)
2025-11-01 22:28:35.020  1538-1538  Module                  com...gle.android.inputmethod.latin  I  DeviceLockedStatusModuleProvider$Module.updateDeviceLockedStatus():100 repeatCheckTimes = 1, locked = false
2025-11-01 22:28:35.022  6720-6720  InsetsController        com.dennnisver4.habithub             D  hide(ime())
2025-11-01 22:28:35.022   761-1967  PackageConfigPersister  system_server                        W  App-specific configuration not found for packageName: com.dennnisver4.habithub and userId: 0
2025-11-01 22:28:35.023  6720-6720  ImeTracker              com.dennnisver4.habithub             I  com.dennnisver4.habithub:b6d80f0c: onCancelled at PHASE_CLIENT_ALREADY_HIDDEN
2025-11-01 22:28:35.367  1046-1113  WindowManagerShell      com.android.systemui                 V  Transition animation finished (aborted=false), notifying core (#27) android.os.BinderProxy@ff530c2@0
2025-11-01 22:28:35.371   761-791   WindowManager           system_server                        V  Finish Transition (#27): created at 11-01 21:28:33.812 collect-started=0.116ms request-sent=15.713ms started=23.23ms ready=49.56ms sent=1067.112ms commit=37.913ms finished=1556.876ms
2025-11-01 22:28:35.371  1046-1113  WindowManagerShell      com.android.systemui                 V  Track 0 became idle
2025-11-01 22:28:35.371  1046-1113  WindowManagerShell      com.android.systemui                 V  All active transition animations finished
2025-11-01 22:28:35.381   761-1016  ImageReader_JNI         system_server                        W  Unable to acquire a buffer item, very likely client tried to acquire more than maxImages buffers
2025-11-01 22:28:35.381  6720-6720  VRI[SplashActivity]     com.dennnisver4.habithub             D  visibilityChanged oldVisibility=true newVisibility=false
2025-11-01 22:28:35.398  6720-6720  WindowOnBackDispatcher  com.dennnisver4.habithub             D  setTopOnBackInvokedCallback (unwrapped): null
2025-11-01 22:28:35.398   761-1967  CoreBackPreview         system_server                        D  Window{e0a41a1 u0 com.dennnisver4.habithub/com.dennnisver4.habithub.SplashActivity}: Setting back callback null
2025-11-01 22:28:35.405  6720-6720  ViewRootImpl            com.dennnisver4.habithub             D  Skipping stats log for color mode
2025-11-01 22:28:35.412   761-992   Background...rolService system_server                        D  Package event received: 0
2025-11-01 22:28:35.787  1192-1335  SatelliteController     com.android.phone                    D  iisInCarrierRoamingNbIotNtn: satellite is disabled
2025-11-01 22:28:35.789  1192-1335  SatelliteController     com.android.phone                    D  getCarrierRoamingNtnConnectType: Falling back to global carrier config connect type: 0
2025-11-01 22:28:36.562  6720-6749  ProfileInstaller        com.dennnisver4.habithub             D  Installing profile for com.dennnisver4.habithub
2025-11-01 22:28:36.996   761-935   HalDevMgr               system_server                        I  bestIfaceCreationProposal is null, requestIface=STA, existingIface=[name=wlan0 type=STA]
2025-11-01 22:28:37.333   761-1775  TaskPersister           system_server                        E  File error accessing recents directory (directory doesn't exist?).
2025-11-01 22:28:40.004   761-935   HalDevMgr               system_server                        I  bestIfaceCreationProposal is null, requestIface=STA, existingIface=[name=wlan0 type=STA]
2025-11-01 22:28:43.010   761-935   HalDevMgr               system_server                        I  bestIfaceCreationProposal is null, requestIface=STA, existingIface=[name=wlan0 type=STA]
2025-11-01 22:28:45.785  1192-1335  SatelliteController     com.android.phone                    D  iisInCarrierRoamingNbIotNtn: satellite is disabled
2025-11-01 22:28:45.787  1192-1335  SatelliteController     com.android.phone                    D  getCarrierRoamingNtnConnectType: Falling back to global carrier config connect type: 0
2025-11-01 22:28:46.017   761-935   HalDevMgr               system_server                        I  bestIfaceCreationProposal is null, requestIface=STA, existingIface=[name=wlan0 type=STA]
2025-11-01 22:28:49.025   761-935   HalDevMgr               system_server                        I  bestIfaceCreationProposal is null, requestIface=STA, existingIface=[name=wlan0 type=STA]
2025-11-01 22:28:52.033   761-935   HalDevMgr               system_server                        I  bestIfaceCreationProposal is null, requestIface=STA, existingIface=[name=wlan0 type=STA]
2025-11-01 22:28:55.041   761-935   HalDevMgr               system_server                        I  bestIfaceCreationProposal is null, requestIface=STA, existingIface=[name=wlan0 type=STA]
2025-11-01 22:28:55.396  6720-6726  isver4.habithub         com.dennnisver4.habithub             W  userfaultfd: MOVE ioctl seems unsupported: Connection timed out
2025-11-01 22:28:55.785  1192-1335  SatelliteController     com.android.phone                    D  iisInCarrierRoamingNbIotNtn: satellite is disabled
2025-11-01 22:28:55.785  1192-1335  SatelliteController     com.android.phone                    D  getCarrierRoamingNtnConnectType: Falling back to global carrier config connect type: 0
2025-11-01 22:28:58.050   761-935   HalDevMgr               system_server                        I  bestIfaceCreationProposal is null, requestIface=STA, existingIface=[name=wlan0 type=STA]
2025-11-01 22:29:01.057   761-935   HalDevMgr               system_server                        I  bestIfaceCreationProposal is null, requestIface=STA, existingIface=[name=wlan0 type=STA]
2025-11-01 22:29:04.065   761-935   HalDevMgr               system_server                        I  bestIfaceCreationProposal is null, requestIface=STA, existingIface=[name=wlan0 type=STA]
2025-11-01 22:29:05.785  1192-1335  SatelliteController     com.android.phone                    D  iisInCarrierRoamingNbIotNtn: satellite is disabled
2025-11-01 22:29:05.786  1192-1335  SatelliteController     com.android.phone                    D  getCarrierRoamingNtnConnectType: Falling back to global carrier config connect type: 0
2025-11-01 22:29:07.073   761-935   HalDevMgr               system_server                        I  bestIfaceCreationProposal is null, requestIface=STA, existingIface=[name=wlan0 type=STA]
2025-11-01 22:29:10.081   761-935   HalDevMgr               system_server                        I  bestIfaceCreationProposal is null, requestIface=STA, existingIface=[name=wlan0 type=STA]
2025-11-01 22:29:12.827  6720-6720  WindowOnBackDispatcher  com.dennnisver4.habithub             D  setTopOnBackInvokedCallback (unwrapped): androidx.activity.OnBackPressedDispatcher$Api34Impl$createOnBackAnimationCallback$1@bfa6218
2025-11-01 22:29:12.828   761-1242  CoreBackPreview         system_server                        D  Window{89b16fe u0 com.dennnisver4.habithub/com.dennnisver4.habithub.MainActivity}: Setting back callback OnBackInvokedCallbackInfo{mCallback=android.window.IOnBackInvokedCallback$Stub$Proxy@612950c, mPriority=0, mIsAnimationCallback=true, mOverrideBehavior=0}
2025-11-01 22:29:13.088   761-935   HalDevMgr               system_server                        I  bestIfaceCreationProposal is null, requestIface=STA, existingIface=[name=wlan0 type=STA]
2025-11-01 22:29:14.615  1046-1113  ShellBackPreview        com.android.systemui                 D  Finishing gesture with event action: 1
2025-11-01 22:29:14.615  1046-1113  ShellBackPreview        com.android.systemui                 D  onGestureFinished called while no gesture is started
2025-11-01 22:29:14.652  6720-6720  SettingsScreen          com.dennnisver4.habithub             D   SettingsScreen cargado
2025-11-01 22:29:14.652  6720-6720  SettingsScreen          com.dennnisver4.habithub             D   Idioma detectado: system
2025-11-01 22:29:14.652  6720-6720  SettingsScreen          com.dennnisver4.habithub             D   ApplicationLocales: 
2025-11-01 22:29:14.653  6720-6720  SettingsScreen          com.dennnisver4.habithub             D   System locale: en
2025-11-01 22:29:15.785  1192-1335  SatelliteController     com.android.phone                    D  iisInCarrierRoamingNbIotNtn: satellite is disabled
2025-11-01 22:29:15.787  1192-1335  SatelliteController     com.android.phone                    D  getCarrierRoamingNtnConnectType: Falling back to global carrier config connect type: 0
2025-11-01 22:29:15.942  6720-6720  WindowOnBackDispatcher  com.dennnisver4.habithub             D  setTopOnBackInvokedCallback (unwrapped): android.app.Dialog$$ExternalSyntheticLambda2@68cf035
2025-11-01 22:29:15.942  6720-6720  WindowOnBackDispatcher  com.dennnisver4.habithub             D  setTopOnBackInvokedCallback (unwrapped): androidx.activity.OnBackPressedDispatcher$Api34Impl$createOnBackAnimationCallback$1@9309cca
2025-11-01 22:29:15.943   761-1242  CoreBackPreview         system_server                        D  Window{8bc706a u0 com.dennnisver4.habithub/com.dennnisver4.habithub.MainActivity}: Setting back callback OnBackInvokedCallbackInfo{mCallback=android.window.IOnBackInvokedCallback$Stub$Proxy@4b479a4, mPriority=-1, mIsAnimationCallback=false, mOverrideBehavior=0}
2025-11-01 22:29:15.943   761-1242  CoreBackPreview         system_server                        D  Window{8bc706a u0 com.dennnisver4.habithub/com.dennnisver4.habithub.MainActivity}: Setting back callback OnBackInvokedCallbackInfo{mCallback=android.window.IOnBackInvokedCallback$Stub$Proxy@6bff30d, mPriority=0, mIsAnimationCallback=true, mOverrideBehavior=0}
2025-11-01 22:29:16.096   761-935   HalDevMgr               system_server                        I  bestIfaceCreationProposal is null, requestIface=STA, existingIface=[name=wlan0 type=STA]
2025-11-01 22:29:16.134   761-900   ImeTracker              system_server                        I  com.dennnisver4.habithub:87a28fce: onRequestHide at ORIGIN_SERVER reason HIDE_UNSPECIFIED_WINDOW fromUser false
2025-11-01 22:29:16.135  6720-6720  InsetsController        com.dennnisver4.habithub             D  hide(ime())
2025-11-01 22:29:16.135  6720-6720  ImeTracker              com.dennnisver4.habithub             I  com.dennnisver4.habithub:87a28fce: onCancelled at PHASE_CLIENT_ALREADY_HIDDEN
2025-11-01 22:29:16.137  1538-1538  GoogleInpu...hodService com...gle.android.inputmethod.latin  I  GoogleInputMethodService.onFinishInput():2057 
2025-11-01 22:29:16.138  1538-1538  Module                  com...gle.android.inputmethod.latin  I  DeviceLockedStatusModuleProvider$Module.updateDeviceLockedStatus():100 repeatCheckTimes = 0, locked = false
2025-11-01 22:29:16.138   761-1716  ImeTracker              system_server                        I  system_server:5fdcfdd3: onRequestHide at ORIGIN_SERVER reason IME_REQUESTED_CHANGED_LISTENER fromUser false
2025-11-01 22:29:16.139  1538-1538  GoogleInpu...hodService com...gle.android.inputmethod.latin  I  GoogleInputMethodService.onStartInput():1318 onStartInput(EditorInfo{EditorInfo{packageName=com.dennnisver4.habithub, inputType=0, inputTypeString=NULL, enableLearning=false, autoCorrection=false, autoComplete=false, imeOptions=0, privateImeOptions=null, actionName=UNSPECIFIED, actionLabel=null, initialSelStart=-1, initialSelEnd=-1, initialCapsMode=0, label=null, fieldId=0, fieldName=null, extras=null, hintText=null, hintLocales=[]}}, false)
2025-11-01 22:29:16.140   761-794   ImeTracker              system_server                        I  system_server:5fdcfdd3: onCancelled at PHASE_SERVER_SHOULD_HIDE
