2025-11-01 22:26:03.021  6635-6635  WindowOnBackDispatcher  com.dennnisver4.habithub             D  setTopOnBackInvokedCallback (unwrapped): null
2025-11-01 22:26:03.021   761-1011  CoreBackPreview         system_server                        D  Window{d2cc752 u0 com.dennnisver4.habithub/com.dennnisver4.habithub.MainActivity}: Setting back callback null
2025-11-01 22:26:03.035  6635-6651  HWUI                    com.dennnisver4.habithub             D  endAllActiveAnimators on 0x7b3a57e4d6d0 (UnprojectedRipple) with handle 0x7b3b37e47e50
2025-11-01 22:26:03.052   761-794   WindowManager           system_server                        V  Unknown focus tokens, dropping reportFocusChanged
2025-11-01 22:26:03.073   761-900   ImeTracker              system_server                        I  com.dennnisver4.habithub:fc3013e7: onRequestHide at ORIGIN_SERVER reason HIDE_UNSPECIFIED_WINDOW fromUser false
2025-11-01 22:26:03.073  6635-6635  InsetsController        com.dennnisver4.habithub             D  hide(ime())
2025-11-01 22:26:03.074  6635-6635  ImeTracker              com.dennnisver4.habithub             I  com.dennnisver4.habithub:fc3013e7: onCancelled at PHASE_CLIENT_ALREADY_HIDDEN
2025-11-01 22:26:03.075  1538-1538  GoogleInpu...hodService com...gle.android.inputmethod.latin  I  GoogleInputMethodService.onFinishInput():2057 
2025-11-01 22:26:03.076   761-1967  ImeTracker              system_server                        I  system_server:f0d88747: onRequestHide at ORIGIN_SERVER reason IME_REQUESTED_CHANGED_LISTENER fromUser false
2025-11-01 22:26:03.077  1538-1538  Module                  com...gle.android.inputmethod.latin  I  DeviceLockedStatusModuleProvider$Module.updateDeviceLockedStatus():100 repeatCheckTimes = 0, locked = false
2025-11-01 22:26:03.079   761-794   ImeTracker              system_server                        I  system_server:f0d88747: onCancelled at PHASE_SERVER_SHOULD_HIDE
2025-11-01 22:26:03.079  1538-1538  GoogleInpu...hodService com...gle.android.inputmethod.latin  I  GoogleInputMethodService.onStartInput():1318 onStartInput(EditorInfo{EditorInfo{packageName=com.dennnisver4.habithub, inputType=0, inputTypeString=NULL, enableLearning=false, autoCorrection=false, autoComplete=false, imeOptions=0, privateImeOptions=null, actionName=UNSPECIFIED, actionLabel=null, initialSelStart=-1, initialSelEnd=-1, initialCapsMode=0, label=null, fieldId=0, fieldName=null, extras=null, hintText=null, hintLocales=[]}}, false)
2025-11-01 22:26:03.081  1538-1538  Module                  com...gle.android.inputmethod.latin  I  DeviceLockedStatusModuleProvider$Module.updateDeviceLockedStatus():100 repeatCheckTimes = 1, locked = false
2025-11-01 22:26:03.082   761-1967  PackageConfigPersister  system_server                        W  App-specific configuration not found for packageName: com.dennnisver4.habithub and userId: 0
2025-11-01 22:26:03.600   761-935   HalDevMgr               system_server                        I  bestIfaceCreationProposal is null, requestIface=STA, existingIface=[name=wlan0 type=STA]
2025-11-01 22:26:05.783  1192-1335  SatelliteController     com.android.phone                    D  iisInCarrierRoamingNbIotNtn: satellite is disabled
2025-11-01 22:26:05.784  1192-1335  SatelliteController     com.android.phone                    D  getCarrierRoamingNtnConnectType: Falling back to global carrier config connect type: 0
2025-11-01 22:26:06.607   761-935   HalDevMgr               system_server                        I  bestIfaceCreationProposal is null, requestIface=STA, existingIface=[name=wlan0 type=STA]
2025-11-01 22:26:09.615   761-935   HalDevMgr               system_server                        I  bestIfaceCreationProposal is null, requestIface=STA, existingIface=[name=wlan0 type=STA]
2025-11-01 22:26:09.993   761-1944  ActivityManager         system_server                        D  sync unfroze 1976 com.google.android.gms for 6
2025-11-01 22:26:09.996   761-1944  ActivityManager         system_server                        D  sync unfroze 2421 com.google.android.adservices.api for 6
2025-11-01 22:26:10.011   761-1967  ProcessStats            system_server                        W  Tracking association SourceState{b55cb05 com.google.android.gms/10147 ImpBg #4597} whose proc state 6 is better than process ProcessState{5986c80 com.google.android.adservices.api/10213 pkg=com.google.android.adservices.api} proc state 14 (53 skipped)
2025-11-01 22:26:10.011  1359-6526  NetworkScheduler.Stats  com.google.android.gms.persistent    I  (REDACTED) Task %s/%s started execution. cause:%s exec_start_elapsed_seconds: %s
2025-11-01 22:26:10.018  1976-4672  ChimeraConfigurator     com.google.android.gms               I  Starting update, reason: 1 urgentFeatures: 
2025-11-01 22:26:10.040  1976-4672  FeatureMgr              com.google.android.gms               W  Attempted to request and unrequest the same feature: appsearch_impl. Ignoring unrequest.
2025-11-01 22:26:10.040  1976-4672  FeatureMgr              com.google.android.gms               W  Attempted to request and unrequest the same feature: antifingerprinting. Ignoring unrequest.
2025-11-01 22:26:10.067  1976-4672  ChimeraConfigurator     com.google.android.gms               I  Update complete: success
2025-11-01 22:26:10.076  1976-4672  GmsModuleFndr           com.google.android.gms               I  Beginning GMS chimera module scan
2025-11-01 22:26:10.080  1976-4672  ModuleSetResolution     com.google.android.gms               I  Computing pending module set with APKs: [[AdsFdrDynamite.integ:253405700100000], [Antifingerprinting.optional:253434100000], [Antifingerprinting.optional:254232100000], [Appsearch.optional:253434100800], [Appsearch.optional:254232100800], [MapsCoreDynamite.integ:252725201100800], [MapsCoreDynamite.integ:253425402100800], [MlkitBarcodeUi.optional:253434100800], [MlkitBarcodeUi.optional:254232100800], [MlkitOcrCommon.optional:253434100800], [MlkitOcrCommon.optional:254232100800], [PlayCloudSearch.optional:253434100000], [PlayCloudSearch.optional:254232100000], [TfliteDynamiteDynamite.integ:243930802100800], [VisionBarcode.optional:253434100800], [VisionBarcode.optional:254232100800], [VisionOcr.optional:253434100000], [VisionOcr.optional:254232100000], [Cronetdynamite:254232260800], [Dynamiteloader:254232260000], [Dynamitemodulesa:254232260000], [Dynamitemodulesc:254232260000], [Googlecertificates:254232260000], [Mapsdynamite:254232260000], [Measurementdynamite:254232260000]]
2025-11-01 22:26:10.085  1976-4672  ModuleSetResolution     com.google.android.gms               I  Pending container module APKs: [[Antifingerprinting.optional:254232100000], [Appsearch.optional:254232100800], [MapsCoreDynamite.integ:253425402100800], [MlkitBarcodeUi.optional:254232100800], [MlkitOcrCommon.optional:254232100800], [PlayCloudSearch.optional:254232100000], [TfliteDynamiteDynamite.integ:243930802100800], [VisionBarcode.optional:254232100800], [VisionOcr.optional:254232100000]]
2025-11-01 22:26:10.085  1976-4672  ModuleSetResolution     com.google.android.gms               I  Pending non-container module APKs: [[AdsFdrDynamite.integ:253405700100000]]
2025-11-01 22:26:10.100  1976-4672  Configuration           com.google.android.gms               V  Updating configuration, locales updated from [] to [en_US]
2025-11-01 22:26:10.106  1976-4672  Configuration           com.google.android.gms               V  Updating configuration, locales updated from [] to [en_US]
2025-11-01 22:26:10.111  1976-4672  Configuration           com.google.android.gms               V  Updating configuration, locales updated from [] to [en_US]
2025-11-01 22:26:10.117  1976-4672  Configuration           com.google.android.gms               V  Updating configuration, locales updated from [] to [en_US]
2025-11-01 22:26:10.122  1976-4672  Configuration           com.google.android.gms               V  Updating configuration, locales updated from [] to [en_US]
2025-11-01 22:26:10.129  1976-4672  Configuration           com.google.android.gms               V  Updating configuration, locales updated from [] to [en_US]
2025-11-01 22:26:10.132  1976-4672  Configuration           com.google.android.gms               V  Updating configuration, locales updated from [] to [en_US]
2025-11-01 22:26:10.135  1976-4672  Configuration           com.google.android.gms               V  Updating configuration, locales updated from [] to [en_US]
2025-11-01 22:26:10.138  1976-4672  Configuration           com.google.android.gms               V  Updating configuration, locales updated from [] to [en_US]
2025-11-01 22:26:10.146  1359-6673  NetworkScheduler.Stats  com.google.android.gms.persistent    I  (REDACTED) Task %s/%s finished executing. cause:%s result: %s elapsed_millis: %s uptime_millis: %s exec_start_elapsed_seconds: %s
2025-11-01 22:26:12.623   761-935   HalDevMgr               system_server                        I  bestIfaceCreationProposal is null, requestIface=STA, existingIface=[name=wlan0 type=STA]
2025-11-01 22:26:12.749   761-778   system_server           system_server                        I  Background young concurrent mark compact GC freed 22MB AllocSpace bytes, 16(656KB) LOS objects, 41% free, 33MB/57MB, paused 1.598ms,2.681ms total 125.799ms
2025-11-01 22:26:15.631   761-935   HalDevMgr               system_server                        I  bestIfaceCreationProposal is null, requestIface=STA, existingIface=[name=wlan0 type=STA]
2025-11-01 22:26:15.784  1192-1335  SatelliteController     com.android.phone                    D  iisInCarrierRoamingNbIotNtn: satellite is disabled
2025-11-01 22:26:15.784  1192-1335  SatelliteController     com.android.phone                    D  getCarrierRoamingNtnConnectType: Falling back to global carrier config connect type: 0
2025-11-01 22:26:18.637   761-935   HalDevMgr               system_server                        I  bestIfaceCreationProposal is null, requestIface=STA, existingIface=[name=wlan0 type=STA]
2025-11-01 22:26:21.645   761-935   HalDevMgr               system_server                        I  bestIfaceCreationProposal is null, requestIface=STA, existingIface=[name=wlan0 type=STA]
2025-11-01 22:26:22.117   761-941   InetDiagMessage         system_server                        D  Destroyed 0 sockets, proto=IPPROTO_TCP, family=AF_INET, states=14
2025-11-01 22:26:22.117   761-941   InetDiagMessage         system_server                        D  Destroyed 0 sockets, proto=IPPROTO_TCP, family=AF_INET6, states=14
2025-11-01 22:26:22.117   761-941   InetDiagMessage         system_server                        D  Destroyed live tcp sockets for uids={10213} in 1ms
2025-11-01 22:26:22.118   761-941   InetDiagMessage         system_server                        D  Destroyed 0 sockets, proto=IPPROTO_TCP, family=AF_INET, states=14
2025-11-01 22:26:22.118   761-941   InetDiagMessage         system_server                        D  Destroyed 0 sockets, proto=IPPROTO_TCP, family=AF_INET6, states=14
2025-11-01 22:26:22.118   761-941   InetDiagMessage         system_server                        D  Destroyed live tcp sockets for uids={20213} in 1ms
2025-11-01 22:26:24.653   761-935   HalDevMgr               system_server                        I  bestIfaceCreationProposal is null, requestIface=STA, existingIface=[name=wlan0 type=STA]
2025-11-01 22:26:25.783  1192-1335  SatelliteController     com.android.phone                    D  iisInCarrierRoamingNbIotNtn: satellite is disabled
2025-11-01 22:26:25.783  1192-1335  SatelliteController     com.android.phone                    D  getCarrierRoamingNtnConnectType: Falling back to global carrier config connect type: 0
2025-11-01 22:26:27.159   761-880   ActivityManager         system_server                        D  freezing 1976 com.google.android.gms
2025-11-01 22:26:27.161   761-880   ActivityManager         system_server                        D  freezing 2421 com.google.android.adservices.api
2025-11-01 22:26:27.205   761-941   InetDiagMessage         system_server                        D  Destroyed 0 sockets, proto=IPPROTO_TCP, family=AF_INET, states=14
2025-11-01 22:26:27.205   761-941   InetDiagMessage         system_server                        D  Destroyed 0 sockets, proto=IPPROTO_TCP, family=AF_INET6, states=14
2025-11-01 22:26:27.206   761-941   InetDiagMessage         system_server                        D  Destroyed live tcp sockets for uids={10213} in 1ms
2025-11-01 22:26:27.547  1146-1297  AlarmManager            com.android.networkstack.process     W  Unrecognized alarm listener com.android.networkstack.android.net.ip.IpClientLinkObserver$Dhcp6PdPreferredPrefixAlarmListener@f98bb69
2025-11-01 22:26:27.549  1146-1297  ApfFilter               com.android.networkstack.process     D  (wlan0): Adding RA fe80::2 -> ff02::1 1800s fec0::/64 86400s/14400s 
2025-11-01 22:26:27.658   761-935   HalDevMgr               system_server                        I  bestIfaceCreationProposal is null, requestIface=STA, existingIface=[name=wlan0 type=STA]
2025-11-01 22:26:30.666   761-935   HalDevMgr               system_server                        I  bestIfaceCreationProposal is null, requestIface=STA, existingIface=[name=wlan0 type=STA]
2025-11-01 22:26:33.675   761-935   HalDevMgr               system_server                        I  bestIfaceCreationProposal is null, requestIface=STA, existingIface=[name=wlan0 type=STA]
2025-11-01 22:26:35.783  1192-1335  SatelliteController     com.android.phone                    D  iisInCarrierRoamingNbIotNtn: satellite is disabled
2025-11-01 22:26:35.783  1192-1335  SatelliteController     com.android.phone                    D  getCarrierRoamingNtnConnectType: Falling back to global carrier config connect type: 0
2025-11-01 22:26:36.682   761-935   HalDevMgr               system_server                        I  bestIfaceCreationProposal is null, requestIface=STA, existingIface=[name=wlan0 type=STA]
2025-11-01 22:26:39.690   761-935   HalDevMgr               system_server                        I  bestIfaceCreationProposal is null, requestIface=STA, existingIface=[name=wlan0 type=STA]
2025-11-01 22:26:42.698   761-935   HalDevMgr               system_server                        I  bestIfaceCreationProposal is null, requestIface=STA, existingIface=[name=wlan0 type=STA]
2025-11-01 22:26:45.705   761-935   HalDevMgr               system_server                        I  bestIfaceCreationProposal is null, requestIface=STA, existingIface=[name=wlan0 type=STA]
2025-11-01 22:26:45.783  1192-1335  SatelliteController     com.android.phone                    D  iisInCarrierRoamingNbIotNtn: satellite is disabled
2025-11-01 22:26:45.783  1192-1335  SatelliteController     com.android.phone                    D  getCarrierRoamingNtnConnectType: Falling back to global carrier config connect type: 0
2025-11-01 22:26:48.711   761-935   HalDevMgr               system_server                        I  bestIfaceCreationProposal is null, requestIface=STA, existingIface=[name=wlan0 type=STA]
2025-11-01 22:26:51.719   761-935   HalDevMgr               system_server                        I  bestIfaceCreationProposal is null, requestIface=STA, existingIface=[name=wlan0 type=STA]
2025-11-01 22:26:54.727   761-935   HalDevMgr               system_server                        I  bestIfaceCreationProposal is null, requestIface=STA, existingIface=[name=wlan0 type=STA]
2025-11-01 22:26:55.783  1192-1335  SatelliteController     com.android.phone                    D  iisInCarrierRoamingNbIotNtn: satellite is disabled
2025-11-01 22:26:55.784  1192-1335  SatelliteController     com.android.phone                    D  getCarrierRoamingNtnConnectType: Falling back to global carrier config connect type: 0
2025-11-01 22:26:57.734   761-935   HalDevMgr               system_server                        I  bestIfaceCreationProposal is null, requestIface=STA, existingIface=[name=wlan0 type=STA]
2025-11-01 22:26:59.677  1046-1181  ControlsLi...rollerImpl com.android.systemui                 D  Subscribing callback, service count: 0
2025-11-01 22:26:59.678  1046-1181  ControlsLi...rollerImpl com.android.systemui                 D  Unsubscribing callback
2025-11-01 22:26:59.784  1046-1181  QuickAccessWalletTile   com.android.systemui                 I  QAW service is unavailable, recreating the wallet client.
2025-11-01 22:27:00.741   761-935   HalDevMgr               system_server                        I  bestIfaceCreationProposal is null, requestIface=STA, existingIface=[name=wlan0 type=STA]
2025-11-01 22:27:03.750   761-935   HalDevMgr               system_server                        I  bestIfaceCreationProposal is null, requestIface=STA, existingIface=[name=wlan0 type=STA]
2025-11-01 22:27:05.784  1192-1335  SatelliteController     com.android.phone                    D  iisInCarrierRoamingNbIotNtn: satellite is disabled
2025-11-01 22:27:05.784  1192-1335  SatelliteController     com.android.phone                    D  getCarrierRoamingNtnConnectType: Falling back to global carrier config connect type: 0
2025-11-01 22:27:06.758   761-935   HalDevMgr               system_server                        I  bestIfaceCreationProposal is null, requestIface=STA, existingIface=[name=wlan0 type=STA]
2025-11-01 22:27:09.766   761-935   HalDevMgr               system_server                        I  bestIfaceCreationProposal is null, requestIface=STA, existingIface=[name=wlan0 type=STA]
2025-11-01 22:27:12.775   761-935   HalDevMgr               system_server                        I  bestIfaceCreationProposal is null, requestIface=STA, existingIface=[name=wlan0 type=STA]
2025-11-01 22:27:15.783   761-935   HalDevMgr               system_server                        I  bestIfaceCreationProposal is null, requestIface=STA, existingIface=[name=wlan0 type=STA]
2025-11-01 22:27:15.784  1192-1335  SatelliteController     com.android.phone                    D  iisInCarrierRoamingNbIotNtn: satellite is disabled
2025-11-01 22:27:15.784  1192-1335  SatelliteController     com.android.phone                    D  getCarrierRoamingNtnConnectType: Falling back to global carrier config connect type: 0
2025-11-01 22:27:18.792   761-935   HalDevMgr               system_server                        I  bestIfaceCreationProposal is null, requestIface=STA, existingIface=[name=wlan0 type=STA]
2025-11-01 22:27:21.800   761-935   HalDevMgr               system_server                        I  bestIfaceCreationProposal is null, requestIface=STA, existingIface=[name=wlan0 type=STA]
2025-11-01 22:27:24.808   761-935   HalDevMgr               system_server                        I  bestIfaceCreationProposal is null, requestIface=STA, existingIface=[name=wlan0 type=STA]
2025-11-01 22:27:25.784  1192-1335  SatelliteController     com.android.phone                    D  iisInCarrierRoamingNbIotNtn: satellite is disabled
2025-11-01 22:27:25.784  1192-1335  SatelliteController     com.android.phone                    D  getCarrierRoamingNtnConnectType: Falling back to global carrier config connect type: 0
2025-11-01 22:27:27.816   761-935   HalDevMgr               system_server                        I  bestIfaceCreationProposal is null, requestIface=STA, existingIface=[name=wlan0 type=STA]
2025-11-01 22:27:30.824   761-935   HalDevMgr               system_server                        I  bestIfaceCreationProposal is null, requestIface=STA, existingIface=[name=wlan0 type=STA]
2025-11-01 22:27:33.832   761-935   HalDevMgr               system_server                        I  bestIfaceCreationProposal is null, requestIface=STA, existingIface=[name=wlan0 type=STA]
2025-11-01 22:27:35.784  1192-1335  SatelliteController     com.android.phone                    D  iisInCarrierRoamingNbIotNtn: satellite is disabled
2025-11-01 22:27:35.784  1192-1335  SatelliteController     com.android.phone                    D  getCarrierRoamingNtnConnectType: Falling back to global carrier config connect type: 0
2025-11-01 22:27:36.841   761-935   HalDevMgr               system_server                        I  bestIfaceCreationProposal is null, requestIface=STA, existingIface=[name=wlan0 type=STA]
2025-11-01 22:27:38.416   761-992   Background...rolService system_server                        D  Package event received: 0
2025-11-01 22:27:38.936   761-1944  AppOps                  system_server                        W  Noting op not finished: uid 10147 pkg com.google.android.gms code 113 startTime of in progress event=1762029281752
2025-11-01 22:27:38.943   761-782   AppOps                  system_server                        W  Noting op not finished: uid 10147 pkg com.google.android.gms code 79 startTime of in progress event=1762029281752
2025-11-01 22:27:38.953  1359-2614  ActivityScheduler       com.google.android.gms.persistent    I  nextTriggerTime: 5735670, in 238100ms, detectorType: 39, FULL_TYPE alarmWindowMillis: 80000
2025-11-01 22:27:39.849   761-935   HalDevMgr               system_server                        I  bestIfaceCreationProposal is null, requestIface=STA, existingIface=[name=wlan0 type=STA]
2025-11-01 22:27:39.937   761-782   AppOps                  system_server                        W  Noting op not finished: uid 10147 pkg com.google.android.gms code 113 startTime of in progress event=1762029281752
2025-11-01 22:27:42.857   761-935   HalDevMgr               system_server                        I  bestIfaceCreationProposal is null, requestIface=STA, existingIface=[name=wlan0 type=STA]
2025-11-01 22:27:45.784  1192-1335  SatelliteController     com.android.phone                    D  iisInCarrierRoamingNbIotNtn: satellite is disabled
2025-11-01 22:27:45.785  1192-1335  SatelliteController     com.android.phone                    D  getCarrierRoamingNtnConnectType: Falling back to global carrier config connect type: 0
2025-11-01 22:27:45.865   761-935   HalDevMgr               system_server                        I  bestIfaceCreationProposal is null, requestIface=STA, existingIface=[name=wlan0 type=STA]
2025-11-01 22:27:48.873   761-935   HalDevMgr               system_server                        I  bestIfaceCreationProposal is null, requestIface=STA, existingIface=[name=wlan0 type=STA]
2025-11-01 22:27:51.880   761-935   HalDevMgr               system_server                        I  bestIfaceCreationProposal is null, requestIface=STA, existingIface=[name=wlan0 type=STA]
2025-11-01 22:27:54.888   761-935   HalDevMgr               system_server                        I  bestIfaceCreationProposal is null, requestIface=STA, existingIface=[name=wlan0 type=STA]
2025-11-01 22:27:55.784  1192-1335  SatelliteController     com.android.phone                    D  iisInCarrierRoamingNbIotNtn: satellite is disabled
2025-11-01 22:27:55.785  1192-1335  SatelliteController     com.android.phone                    D  getCarrierRoamingNtnConnectType: Falling back to global carrier config connect type: 0
2025-11-01 22:27:57.896   761-935   HalDevMgr               system_server                        I  bestIfaceCreationProposal is null, requestIface=STA, existingIface=[name=wlan0 type=STA]
2025-11-01 22:28:00.611   761-782   WifiNl80211Manager      system_server                        D  Scan result ready event
2025-11-01 22:28:00.611   761-782   WifiNative              system_server                        D  Scan result ready event
2025-11-01 22:28:00.614  1359-2628  WifiScanner             com.google.android.gms.persistent    I  onFullResults
2025-11-01 22:28:00.614  1359-3904  WifiScanner             com.google.android.gms.persistent    I  onFullResults
2025-11-01 22:28:00.618   761-935   HalDevMgr               system_server                        I  bestIfaceCreationProposal is null, requestIface=STA, existingIface=[name=wlan0 type=STA]
2025-11-01 22:28:00.902   761-935   HalDevMgr               system_server                        I  bestIfaceCreationProposal is null, requestIface=STA, existingIface=[name=wlan0 type=STA]
2025-11-01 22:28:03.910   761-935   HalDevMgr               system_server                        I  bestIfaceCreationProposal is null, requestIface=STA, existingIface=[name=wlan0 type=STA]
2025-11-01 22:28:05.785  1192-1335  SatelliteController     com.android.phone                    D  iisInCarrierRoamingNbIotNtn: satellite is disabled
2025-11-01 22:28:05.785  1192-1335  SatelliteController     com.android.phone                    D  getCarrierRoamingNtnConnectType: Falling back to global carrier config connect type: 0
2025-11-01 22:28:06.917   761-935   HalDevMgr               system_server                        I  bestIfaceCreationProposal is null, requestIface=STA, existingIface=[name=wlan0 type=STA]
2025-11-01 22:28:09.925   761-935   HalDevMgr               system_server                        I  bestIfaceCreationProposal is null, requestIface=STA, existingIface=[name=wlan0 type=STA]
2025-11-01 22:28:12.931   761-935   HalDevMgr               system_server                        I  bestIfaceCreationProposal is null, requestIface=STA, existingIface=[name=wlan0 type=STA]
2025-11-01 22:28:15.785  1192-1335  SatelliteController     com.android.phone                    D  iisInCarrierRoamingNbIotNtn: satellite is disabled
2025-11-01 22:28:15.785  1192-1335  SatelliteController     com.android.phone                    D  getCarrierRoamingNtnConnectType: Falling back to global carrier config connect type: 0
2025-11-01 22:28:15.939   761-935   HalDevMgr               system_server                        I  bestIfaceCreationProposal is null, requestIface=STA, existingIface=[name=wlan0 type=STA]
2025-11-01 22:28:18.947   761-935   HalDevMgr               system_server                        I  bestIfaceCreationProposal is null, requestIface=STA, existingIface=[name=wlan0 type=STA]
2025-11-01 22:28:21.956   761-935   HalDevMgr               system_server                        I  bestIfaceCreationProposal is null, requestIface=STA, existingIface=[name=wlan0 type=STA]
2025-11-01 22:28:24.965   761-935   HalDevMgr               system_server                        I  bestIfaceCreationProposal is null, requestIface=STA, existingIface=[name=wlan0 type=STA]
2025-11-01 22:28:25.785  1192-1335  SatelliteController     com.android.phone                    D  iisInCarrierRoamingNbIotNtn: satellite is disabled
2025-11-01 22:28:25.786  1192-1335  SatelliteController     com.android.phone                    D  getCarrierRoamingNtnConnectType: Falling back to global carrier config connect type: 0
2025-11-01 22:28:27.975   761-935   HalDevMgr               system_server                        I  bestIfaceCreationProposal is null, requestIface=STA, existingIface=[name=wlan0 type=STA]
2025-11-01 22:28:28.159   761-782   ActivityManager         system_server                        I  Force stopping com.dennnisver4.habithub appid=10219 user=0: from pid 6689
2025-11-01 22:28:28.162   761-782   ActivityManager         system_server                        I  Killing 6635:com.dennnisver4.habithub/u0a219 (adj 0): stop com.dennnisver4.habithub due to from pid 6689
2025-11-01 22:28:28.164   761-782   ActivityTaskManager     system_server                        W  Force removing ActivityRecord{122972378 u0 com.dennnisver4.habithub/.MainActivity t45 f}}: app died, no saved state
2025-11-01 22:28:28.166  1046-1113  WindowManagerShell      com.android.systemui                 V  Transition requested (#25): android.os.BinderProxy@97d8305 TransitionRequestInfo { type = CLOSE, triggerTask = TaskInfo{userId=0 taskId=45 effectiveUid=10219 displayId=0 isRunning=false baseIntent=Intent { act=android.intent.action.MAIN cat=[android.intent.category.LAUNCHER] flg=0x10000000 cmp=com.dennnisver4.habithub/.SplashActivity } baseActivity=null topActivity=null origActivity=null realActivity=ComponentInfo{com.dennnisver4.habithub/com.dennnisver4.habithub.SplashActivity} numActivities=0 lastActiveTime=5393610 supportsMultiWindow=true resizeMode=1 isResizeable=true minWidth=-1 minHeight=-1 defaultMinSize=220 token=WCT{android.os.BinderProxy@4200ac0} topActivityType=1 pictureInPictureParams=null shouldDockBigOverlays=false launchIntoPipHostTaskId=-1 lastParentTaskIdBeforePip=-1 displayCutoutSafeInsets=Rect(0, 0 - 0, 0) topActivityInfo=null launchCookies=[] positionInParent=Point(0, 0) parentTaskId=-1 isFocused=true isVisible=true isVisibleRequested=true isTopActivityNoDisplay=false isSleeping=false locusId=null displayAreaFeatureId=1 isTopActivityTransparent=false isActivityStackTransparent=true lastNonFullscreenBounds=null capturedLink=null capturedLinkTimestamp=0 requestedVisibleTypes=503 topActivityRequestOpenInBrowserEducationTimestamp=0 appCompatTaskInfo=AppCompatTaskInfo { topActivityInSizeCompat=false isLeafTask= true eligibleForLetterboxEducation= false isLetterboxEducationEnabled= false isLetterboxDoubleTapEnabled= false eligibleForUserAspectRatioButton= false topActivityBoundsLetterboxed= false isFromLetterboxDoubleTap= false topActivityLetterboxVerticalPosition= -1 topActivityLetterboxHorizontalPosition= -1 topActivityLetterboxWidth=-1 topActivityLetterboxHeight=-1 topActivityAppBounds=Rect(0, 0 - 0, 0) isUserFullscreenOverrideEnabled=false isSystemFullscreenOverrideEnabled=false hasMinAspectRatioOverride=false topActivityLetterboxBounds=null cameraCompatTaskInfo=CameraCompatTaskInfo { cameraCompatMode=undefinedundefined} topNonResizableActivityAspectRatio=-1.0} topActivityMainWindowFrame=null isAppBubble=false}, pipChange = null, remoteTransition = null, displayChange = null, requestedLocation = null, userChange = null, windowingLayerChange = null, flags = 0, debugId = 25 }
2025-11-01 22:28:28.169   761-992   Background...rolService system_server                        D  Package event received: 0
2025-11-01 22:28:28.171   596-729   libbinder.BpBinder      surfaceflinger                       I  onLastStrongRef automatically unlinking death recipients for descriptor: '(not cached)'
2025-11-01 22:28:28.174  1202-1202  ViewRootImpl            com...le.android.apps.nexuslauncher  D  Skipping stats log for color mode
2025-11-01 22:28:28.174   761-782   WindowManager           system_server                        V  Defer transition id=25 for TaskFragmentTransaction=android.os.Binder@619a02f
2025-11-01 22:28:28.174   761-782   WindowManager           system_server                        V  deferTransitionReady deferReadyDepth=1 stack=com.android.server.wm.TransitionController.deferTransitionReady:1061 com.android.server.wm.TaskFragmentOrganizerController$TaskFragmentOrganizerState.dispatchTransaction:517 com.android.server.wm.TaskFragmentOrganizerController.dispatchPendingEvents:1259 com.android.server.wm.TaskFragmentOrganizerController.dispatchPendingEvents:1228 com.android.server.wm.RootWindowContainer.performSurfacePlacement:777 
2025-11-01 22:28:28.177  1202-1202  BaseActivity            com...le.android.apps.nexuslauncher  D  Launcher flags updated: [state_started] +[state_started]
2025-11-01 22:28:28.180  1202-1202  BaseActivity            com...le.android.apps.nexuslauncher  D  Launcher flags updated: [state_started|state_resumed|state_user_active] +[state_resumed|state_user_active]
2025-11-01 22:28:28.182  1202-1202  BaseActivity            com...le.android.apps.nexuslauncher  D  Launcher flags updated: [state_started|state_resumed|state_deferred_resumed|state_user_active] +[state_deferred_resumed]
2025-11-01 22:28:28.183  1202-1202  StatsLog                com...le.android.apps.nexuslauncher  D  LAUNCHER_ONRESUME
2025-11-01 22:28:28.186   761-782   AppsFilter              system_server                        I  interaction: PackageSetting{b760204 com.android.microdroid.empty_payload/10199} -> PackageSetting{a790fc5 com.dennnisver4.habithub/10219} BLOCKED
2025-11-01 22:28:28.187  1202-1202  NexusLaunc...elDelegate com...le.android.apps.nexuslauncher  D  notifySmartspaceEvent: SmartspaceTargetEvent{mSmartspaceTarget=null, mSmartspaceActionId='null', mEventType=6}
2025-11-01 22:28:28.188   761-1967  ActivityManager         system_server                        I  Force stopping com.dennnisver4.habithub appid=10219 user=0: from pid 6691
2025-11-01 22:28:28.190   761-992   Background...rolService system_server                        D  Package event received: 0
2025-11-01 22:28:28.191  1046-1113  WindowManagerShell      com.android.systemui                 D  setLauncherKeepClearAreaHeight: visible=true, height=495
2025-11-01 22:28:28.192   761-1967  WindowManager           system_server                        I    Force removing ActivityRecord{122972378 u0 com.dennnisver4.habithub/.MainActivity t45 f} isExiting}
2025-11-01 22:28:28.193   761-1967  WindowManager           system_server                        W  removeAppToken: Attempted to remove non-existing token: Token{97f410b ActivityRecord{122972378 u0 com.dennnisver4.habithub/.MainActivity t45 f} isExiting}}
2025-11-01 22:28:28.194   761-992   Background...rolService system_server                        D  Package event received: 0
2025-11-01 22:28:28.203  1202-1250  QuickstepModelDelegate  com...le.android.apps.nexuslauncher  D  notifyAppTargetEvent action=1 launchLocation=
2025-11-01 22:28:28.206  1202-1202  BaseDepthController     com...le.android.apps.nexuslauncher  D  setSurface:
                                                                                                    	mWaitingOnSurfaceValidity: false
                                                                                                    	mBaseSurface: Surface(name=com.google.android.apps.nexuslauncher/com.google.android.apps.nexuslauncher.NexusLauncherActivity#366)/@0x5b8a137
2025-11-01 22:28:28.206  1202-1202  BaseDepthController     com...le.android.apps.nexuslauncher  V  Applying blur: 79 to Surface(name=com.google.android.apps.nexuslauncher/com.google.android.apps.nexuslauncher.NexusLauncherActivity#366)/@0x5b8a137 applyImmediately: false
2025-11-01 22:28:28.207  1202-1202  BaseDepthController     com...le.android.apps.nexuslauncher  D  shouldBlurWorkspace: true targetState: AllApps currentStableState: AllApps mCurrentBlur: 79 mLauncher.getDepthBlurTargets(): [com.android.launcher3.Workspace{615aebc V.ED..... .......D 0,0-1080,2400 #7f0a049d app:id/workspace}, com.android.launcher3.Hotseat{3e0de45 V.ED..... .......D 0,1905-1080,2400 #7f0a01ee app:id/hotseat}]
2025-11-01 22:28:28.207  1653-1852  AiAiEcho                com.google.android.as                I  Predicting[0]:  [CONTEXT sampling_count=5 ]
2025-11-01 22:28:28.207  1653-1852  AiAiEcho                com.google.android.as                I  EchoTargets: 
                                                                                                    Filtered by AiAi flag check: 
                                                                                                    [CONTEXT ratelimit_period="10 SECONDS" ]
2025-11-01 22:28:28.208  1653-1852  AiAiEcho                com.google.android.as                I  #remoteViewsTwiddler: feature disabled.
2025-11-01 22:28:28.211   761-1967  AppsFilter              system_server                        I  interaction: PackageSetting{b760204 com.android.microdroid.empty_payload/10199} -> PackageSetting{a790fc5 com.dennnisver4.habithub/10219} BLOCKED
---------------------------- PROCESS ENDED (6635) for package com.dennnisver4.habithub ----------------------------
2025-11-01 22:28:28.220  1653-1852  AiAiEcho                com.google.android.as                I  #postPredictionTargets: Sending updates to UISurface home with targets# 0 (types=[])
2025-11-01 22:28:28.234   604-604   adbd                    adbd                                 I  Remote process closed the socket (on MSG_PEEK)
2025-11-01 22:28:28.237   761-1944  ImeTracker              system_server                        I  com.dennnisver4.habithub:5d3b438a: onRequestHide at ORIGIN_SERVER reason HIDE_REMOVE_CLIENT fromUser false
2025-11-01 22:28:28.238  1192-1192  CarrierSvcBindHelper    com.android.phone                    D  onHandleForceStop: [com.dennnisver4.habithub]
2025-11-01 22:28:28.240   761-1716  WindowManager           system_server                        I  WIN DEATH: Window{42038a6 u0 com.dennnisver4.habithub/com.dennnisver4.habithub.MainActivity}
2025-11-01 22:28:28.241   523-523   Zygote                  zygote64                             I  Process 6635 exited due to signal 9 (Killed)
2025-11-01 22:28:28.243   761-1967  ActivityManager         system_server                        V  Got obituary of 6635:com.dennnisver4.habithub
2025-11-01 22:28:28.244   761-803   libprocessgroup         system_server                        I  Removed cgroup /sys/fs/cgroup/apps/uid_10219/pid_6635
2025-11-01 22:28:28.255   761-1944  ImeTracker              system_server                        I  com.dennnisver4.habithub:5d3b438a: onCancelled at PHASE_SERVER_SHOULD_HIDE
2025-11-01 22:28:28.260  1192-1192  CarrierSvcBindHelper    com.android.phone                    D  No carrier app for: 0
2025-11-01 22:28:28.273   761-794   ActivityManager         system_server                        W  setHasOverlayUi called on unknown pid: 6635
2025-11-01 22:28:28.285  1046-1400  WallpaperService        com.android.systemui                 D  onVisibilityChanged(true): com.android.systemui.wallpapers.ImageWallpaper$CanvasEngine@1db54b9
2025-11-01 22:28:28.295  1192-1192  CarrierSvcBindHelper    com.android.phone                    D  onHandleForceStop: [com.dennnisver4.habithub]
2025-11-01 22:28:28.296  1192-1192  CarrierSvcBindHelper    com.android.phone                    D  No carrier app for: 0
2025-11-01 22:28:28.375  6701-6701  libbinder....iceManager service                              W  Thread Pool max thread count is 0. Cannot cache binder as linkToDeath cannot be implemented. serviceName: DockObserver
2025-11-01 22:28:28.376  6701-6701  libbinder.Parcel        service                              E  Reading a NULL string not supported here.
2025-11-01 22:28:28.376  6701-6701  libbinder....iceManager service                              W  Thread Pool max thread count is 0. Cannot cache binder as linkToDeath cannot be implemented. serviceName: SurfaceFlinger
2025-11-01 22:28:28.376  6701-6701  libbinder....iceManager service                              W  Thread Pool max thread count is 0. Cannot cache binder as linkToDeath cannot be implemented. serviceName: SurfaceFlingerAIDL
2025-11-01 22:28:28.378  1202-1202  b/417220811             com...le.android.apps.nexuslauncher  D  invalidateLoadedTasks - previous requestLoadId: -1
2025-11-01 22:28:28.378  6701-6701  libbinder....iceManager service                              W  Thread Pool max thread count is 0. Cannot cache binder as linkToDeath cannot be implemented. serviceName: accessibility
2025-11-01 22:28:28.379   761-1967  WindowManager           system_server                        V  Continue transition id=25 for TaskFragmentTransaction=android.os.Binder@619a02f
2025-11-01 22:28:28.379   761-1967  WindowManager           system_server                        V  continueTransitionReady deferReadyDepth=0 stack=com.android.server.wm.TransitionController.continueTransitionReady:1071 com.android.server.wm.TaskFragmentOrganizerController$TaskFragmentOrganizerState.onTransactionFinished:546 com.android.server.wm.TaskFragmentOrganizerController.onTransactionHandled:740 android.window.ITaskFragmentOrganizerController$Stub.onTransact:225 android.os.Binder.execTransactInternal:1473 
2025-11-01 22:28:28.380  6701-6701  libbinder....iceManager service                              W  Thread Pool max thread count is 0. Cannot cache binder as linkToDeath cannot be implemented. serviceName: account
2025-11-01 22:28:28.399  6701-6701  libbinder....iceManager service                              W  Thread Pool max thread count is 0. Cannot cache binder as linkToDeath cannot be implemented. serviceName: activity
2025-11-01 22:28:28.400  6701-6701  libbinder....iceManager service                              W  Thread Pool max thread count is 0. Cannot cache binder as linkToDeath cannot be implemented. serviceName: activity_task
2025-11-01 22:28:28.402  6701-6701  libbinder....iceManager service                              W  Thread Pool max thread count is 0. Cannot cache binder as linkToDeath cannot be implemented. serviceName: adb
2025-11-01 22:28:28.403  6701-6701  libbinder....iceManager service                              W  Thread Pool max thread count is 0. Cannot cache binder as linkToDeath cannot be implemented. serviceName: adservices_manager
2025-11-01 22:28:28.404  6701-6701  libbinder....iceManager service                              W  Thread Pool max thread count is 0. Cannot cache binder as linkToDeath cannot be implemented. serviceName: advanced_protection
2025-11-01 22:28:28.405  6701-6701  libbinder....iceManager service                              W  Thread Pool max thread count is 0. Cannot cache binder as linkToDeath cannot be implemented. serviceName: alarm
2025-11-01 22:28:28.406  6701-6701  libbinder....iceManager service                              W  Thread Pool max thread count is 0. Cannot cache binder as linkToDeath cannot be implemented. serviceName: ambient_context
2025-11-01 22:28:28.407  6701-6701  libbinder....iceManager service                              W  Thread Pool max thread count is 0. Cannot cache binder as linkToDeath cannot be implemented. serviceName: android.frameworks.cameraservice.service.ICameraService/default
2025-11-01 22:28:28.410  6701-6701  libbinder....iceManager service                              W  Thread Pool max thread count is 0. Cannot cache binder as linkToDeath cannot be implemented. serviceName: android.frameworks.devicestate.IDeviceStateService/default
2025-11-01 22:28:28.411  6701-6701  libbinder....iceManager service                              W  Thread Pool max thread count is 0. Cannot cache binder as linkToDeath cannot be implemented. serviceName: android.frameworks.location.altitude.IAltitudeService/default
2025-11-01 22:28:28.412  1046-1188  WindowManagerShell      com.android.systemui                 V  onTransitionReady(transaction=3268470114570)
2025-11-01 22:28:28.412  1046-1113  WindowManagerShell      com.android.systemui                 V  onTransitionReady (#25) android.os.BinderProxy@97d8305: {id=25 t=CLOSE f=0x0 trk=0 r=[0@Point(0, 0)] c=[
                                                                                                            {m=TO_FRONT f=SHOW_WALLPAPER|MOVE_TO_TOP leash=Surface(name=Task=1#44)/@0x26a7668 sb=Rect(0, 0 - 1080, 2400) eb=Rect(0, 0 - 1080, 2400) epz=Point(1080, 2400) d=0 taskParent=-1 winMode=1 userId=0},
                                                                                                            {m=CLOSE f=NONE leash=Surface(name=Task=45#332)/@0x3d84a81 sb=Rect(0, 0 - 1080, 2400) eb=Rect(0, 0 - 1080, 2400) epz=Point(1080, 2400) d=0 taskParent=-1 winMode=1 userId=0},
                                                                                                            {m=TO_FRONT f=IS_WALLPAPER leash=Surface(name=WallpaperWindowToken{9e1c63}#60)/@0xa913726 sb=Rect(0, 0 - 1080, 2400) eb=Rect(0, 0 - 1080, 2400) epz=Point(1080, 2400) d=0}
                                                                                                        ]}
2025-11-01 22:28:28.412  1046-1113  WindowManagerShell      com.android.systemui                 V  Playing animation for (#25) android.os.BinderProxy@97d8305@0
2025-11-01 22:28:28.413  1046-1113  ShellRecents            com.android.systemui                 V  RecentsTransitionHandler.startAnimation: no controller found
2025-11-01 22:28:28.413  1046-1113  WindowManagerShell      com.android.systemui                 V  Transition doesn't have explicit remote, search filters for match for {id=25 t=CLOSE f=0x0 trk=0 r=[0@Point(0, 0)] c=[{m=TO_FRONT f=SHOW_WALLPAPER|MOVE_TO_TOP leash=Surface(name=Task=1#44)/@0x26a7668 sb=Rect(0, 0 - 1080, 2400) eb=Rect(0, 0 - 1080, 2400) epz=Point(1080, 2400) d=0 taskParent=-1 winMode=1 userId=0},{m=CLOSE f=NONE leash=Surface(name=Task=45#332)/@0x3d84a81 sb=Rect(0, 0 - 1080, 2400) eb=Rect(0, 0 - 1080, 2400) epz=Point(1080, 2400) d=0 taskParent=-1 winMode=1 userId=0},{m=TO_FRONT f=IS_WALLPAPER leash=Surface(name=WallpaperWindowToken{9e1c63}#60)/@0xa913726 sb=Rect(0, 0 - 1080, 2400) eb=Rect(0, 0 - 1080, 2400) epz=Point(1080, 2400) d=0}]}
2025-11-01 22:28:28.413  1046-1113  WindowManagerShell      com.android.systemui                 V   Checking filter Pair{{types=[] flags=0x0] notFlags=0x0 checks=[{atype=undefined independent=true modes=[CLOSE,TO_BACK] flags=IN_TASK_WITH_EMBEDDED_ACTIVITY mustBeTask=false order=ANY topActivity=null launchCookie=null taskFragmentToken=android.os.BinderProxy@92f083d windowingMode=undefined isCrossDisplayMove=false}]} RemoteTransition { remoteTransition = android.window.IRemoteTransition$Stub$Proxy@9b74832, appThread = android.app.IApplicationThread$Stub$Proxy@3b52983, debugName = overlayBackTransition }}
2025-11-01 22:28:28.413  1046-1113  WindowManagerShell      com.android.systemui                 V   Checking filter Pair{{types=[] flags=0x0] notFlags=0x0 checks=[{atype=dream independent=true modes=[OPEN,TO_FRONT] flags=NONE mustBeTask=false order=ANY topActivity=null launchCookie=null windowingMode=undefined isCrossDisplayMove=false},{atype=home independent=true modes=[CLOSE,TO_BACK] flags=NONE mustBeTask=false order=ANY topActivity=null launchCookie=null windowingMode=undefined isCrossDisplayMove=false}]} RemoteTransition { remoteTransition = android.window.IRemoteTransition$Stub$Proxy@51ac700, appThread = android.app.IApplicationThread$Stub$Proxy@f08eb39, debugName = LauncherToDream }}
2025-11-01 22:28:28.413  1046-1113  WindowManagerShell      com.android.systemui                 V   Checking filter Pair{{types=[] flags=0x0] notFlags=0x100 checks=[{atype=home independent=true modes=[OPEN,TO_FRONT] flags=NONE mustBeTask=false order=TOP topActivity=ComponentInfo{com.google.android.apps.nexuslauncher/com.google.android.apps.nexuslauncher.NexusLauncherActivity} launchCookie=null windowingMode=undefined isCrossDisplayMove=false},{atype=standard independent=true modes=[CLOSE,TO_BACK] flags=NONE mustBeTask=false order=ANY topActivity=null launchCookie=null windowingMode=undefined isCrossDisplayMove=false},{NOT atype=undefined independent=true modes=[] flags=NONE mustBeTask=true order=ANY topActivity=null launchCookie=null customAnim=true windowingMode=undefined isCrossDisplayMove=false}]} RemoteTransition { remoteTransition = android.window.IRemoteTransition$Stub$Proxy@58db57e, appThread = android.app.IApplicationThread$Stub$Proxy@816dadf, debugName = QuickstepLaunchHome }}
2025-11-01 22:28:28.413  6701-6701  libbinder....iceManager service                              W  Thread Pool max thread count is 0. Cannot cache binder as linkToDeath cannot be implemented. serviceName: android.frameworks.sensorservice.ISensorManager/default
2025-11-01 22:28:28.413  1046-1113  RemoteTransitionHandler com.android.systemui                 D  Found filterPair{{types=[] flags=0x0] notFlags=0x100 checks=[{atype=home independent=true modes=[OPEN,TO_FRONT] flags=NONE mustBeTask=false order=TOP topActivity=ComponentInfo{com.google.android.apps.nexuslauncher/com.google.android.apps.nexuslauncher.NexusLauncherActivity} launchCookie=null windowingMode=undefined isCrossDisplayMove=false},{atype=standard independent=true modes=[CLOSE,TO_BACK] flags=NONE mustBeTask=false order=ANY topActivity=null launchCookie=null windowingMode=undefined isCrossDisplayMove=false},{NOT atype=undefined independent=true modes=[] flags=NONE mustBeTask=true order=ANY topActivity=null launchCookie=null customAnim=true windowingMode=undefined isCrossDisplayMove=false}]} RemoteTransition { remoteTransition = android.window.IRemoteTransition$Stub$Proxy@58db57e, appThread = android.app.IApplicationThread$Stub$Proxy@816dadf, debugName = QuickstepLaunchHome }}
2025-11-01 22:28:28.413  1046-1113  WindowManagerShell      com.android.systemui                 V   Delegate animation for (#25) to RemoteTransition { remoteTransition = android.window.IRemoteTransition$Stub$Proxy@58db57e, appThread = android.app.IApplicationThread$Stub$Proxy@816dadf, debugName = QuickstepLaunchHome }
2025-11-01 22:28:28.415  6701-6701  libbinder....iceManager service                              W  Thread Pool max thread count is 0. Cannot cache binder as linkToDeath cannot be implemented. serviceName: android.frameworks.stats.IStats/default
2025-11-01 22:28:28.416  6701-6701  libbinder....iceManager service                              W  Thread Pool max thread count is 0. Cannot cache binder as linkToDeath cannot be implemented. serviceName: android.frameworks.vibrator.IVibratorControlService/default
2025-11-01 22:28:28.418  6701-6701  libbinder....iceManager service                              W  Thread Pool max thread count is 0. Cannot cache binder as linkToDeath cannot be implemented. serviceName: android.hardware.authsecret.IAuthSecret/default
2025-11-01 22:28:28.420  1202-1202  SsBaseTemplateCard      com...le.android.apps.nexuslauncher  D  Passed-in item info is null
2025-11-01 22:28:28.420  1202-1202  SsBaseTemplateCard      com...le.android.apps.nexuslauncher  D  Passed-in item info is null
2025-11-01 22:28:28.420  1202-1202  SsBaseTemplateCard      com...le.android.apps.nexuslauncher  D  Passed-in item info is null
2025-11-01 22:28:28.420  1202-1202  SsBaseTemplateCard      com...le.android.apps.nexuslauncher  D  Passed-in item info is null
2025-11-01 22:28:28.420  1202-1202  SsBaseTemplateCard      com...le.android.apps.nexuslauncher  I  Secondary card pane is null
2025-11-01 22:28:28.413  6701-6701  service                 service                              W  type=1400 audit(0.0:562): avc:  denied  { call } for  scontext=u:r:shell:s0 tcontext=u:r:hal_authsecret_default:s0 tclass=binder permissive=0
