2025-11-01 22:28:28.427  6701-6701  libbinder....hreadState service                              E  Binder transaction failure. id: 693140, cmd: BR_FAILED_REPLY (29201), error: -1 (Operation not permitted)
2025-11-01 22:28:28.436  1202-1202  LauncherStateManager    com...le.android.apps.nexuslauncher  D  StateManager.cancelAnimation: animation ongoing: false, partial trace:
                                                                                                    	at com.android.launcher3.statemanager.StateManager.setCurrentAnimation(go/retraceme 7101499b44b219b757f6885b35ae099b24fc769225595efcaaacae5b0f94500b:18)
                                                                                                    	at com.android.launcher3.QuickstepTransitionManager.createWallpaperOpenAnimations(go/retraceme 7101499b44b219b757f6885b35ae099b24fc769225595efcaaacae5b0f94500b:646)
                                                                                                    	at com.android.launcher3.QuickstepTransitionManager$WallpaperOpenLauncherAnimationRunner.onAnimationStart(go/retraceme 7101499b44b219b757f6885b35ae099b24fc769225595efcaaacae5b0f94500b:96)
2025-11-01 22:28:28.436  1202-1202  b/311077782             com...le.android.apps.nexuslauncher  D  LauncherAnimationRunner.setAnimation
2025-11-01 22:28:28.437  6701-6701  libbinder....hreadState service                              E  Binder transaction failure. id: 693144, cmd: BR_FAILED_REPLY (29201), error: -1 (Operation not permitted)
2025-11-01 22:28:28.425  6701-6701  service                 service                              W  type=1400 audit(0.0:563): avc:  denied  { call } for  scontext=u:r:shell:s0 tcontext=u:r:hal_fingerprint_default:s0 tclass=binder permissive=0
2025-11-01 22:28:28.462  6701-6701  libbinder....iceManager service                              W  Thread Pool max thread count is 0. Cannot cache binder as linkToDeath cannot be implemented. serviceName: android.hardware.bluetooth.IBluetoothHci/default
2025-11-01 22:28:28.470  6701-6701  libbinder....hreadState service                              E  Binder transaction failure. id: 693152, cmd: BR_FAILED_REPLY (29201), error: -1 (Operation not permitted)
2025-11-01 22:28:28.470  6701-6701  libbinder....iceManager service                              W  Thread Pool max thread count is 0. Cannot cache binder as linkToDeath cannot be implemented. serviceName: android.hardware.bluetooth.audio.IBluetoothAudioProviderFactory/default
2025-11-01 22:28:28.433  6701-6701  service                 service                              W  type=1400 audit(0.0:564): avc:  denied  { call } for  scontext=u:r:shell:s0 tcontext=u:r:hal_bluetooth_default:s0 tclass=binder permissive=0
2025-11-01 22:28:28.474  6701-6701  libbinder....hreadState service                              E  Binder transaction failure. id: 693169, cmd: BR_FAILED_REPLY (29201), error: -1 (Operation not permitted)
2025-11-01 22:28:28.476  6701-6701  libbinder....iceManager service                              W  Thread Pool max thread count is 0. Cannot cache binder as linkToDeath cannot be implemented. serviceName: android.hardware.bluetooth.offload.leaudio.IHciProxy/default
2025-11-01 22:28:28.485   761-791   WindowManager           system_server                        V  Sent Transition (#25) createdAt=11-01 21:28:28.164 via request=TransitionRequestInfo { type = CLOSE, triggerTask = TaskInfo{userId=0 taskId=45 effectiveUid=10219 displayId=0 isRunning=false baseIntent=Intent { act=android.intent.action.MAIN cat=[android.intent.category.LAUNCHER] flg=0x10000000 cmp=com.dennnisver4.habithub/.SplashActivity } baseActivity=null topActivity=null origActivity=null realActivity=ComponentInfo{com.dennnisver4.habithub/com.dennnisver4.habithub.SplashActivity} numActivities=0 lastActiveTime=5393610 supportsMultiWindow=true resizeMode=1 isResizeable=true minWidth=-1 minHeight=-1 defaultMinSize=220 token=WCT{RemoteToken{3682b7d Task{8b9cff8 #45 type=standard A=10219:com.dennnisver4.habithub}}} topActivityType=1 pictureInPictureParams=null shouldDockBigOverlays=false launchIntoPipHostTaskId=-1 lastParentTaskIdBeforePip=-1 displayCutoutSafeInsets=Rect(0, 0 - 0, 0) topActivityInfo=null launchCookies=[] positionInParent=Point(0, 0) parentTaskId=-1 isFocused=true isVisible=true isVisibleRequested=true isTopActivityNoDisplay=false isSleeping=false locusId=null displayAreaFeatureId=1 isTopActivityTransparent=false isActivityStackTransparent=true lastNonFullscreenBounds=null capturedLink=null capturedLinkTimestamp=0 requestedVisibleTypes=503 topActivityRequestOpenInBrowserEducationTimestamp=0 appCompatTaskInfo=AppCompatTaskInfo { topActivityInSizeCompat=false isLeafTask= true eligibleForLetterboxEducation= false isLetterboxEducationEnabled= false isLetterboxDoubleTapEnabled= false eligibleForUserAspectRatioButton= false topActivityBoundsLetterboxed= false isFromLetterboxDoubleTap= false topActivityLetterboxVerticalPosition= -1 topActivityLetterboxHorizontalPosition= -1 topActivityLetterboxWidth=-1 topActivityLetterboxHeight=-1 topActivityAppBounds=Rect(0, 0 - 0, 0) isUserFullscreenOverrideEnabled=false isSystemFullscreenOverrideEnabled=false hasMinAspectRatioOverride=false topActivityLetterboxBounds=null cameraCompatTaskInfo=CameraCompatTaskInfo { cameraCompatMode=undefinedundefined} topNonResizableActivityAspectRatio=-1.0} topActivityMainWindowFrame=null isAppBubble=false}, pipChange = null, remoteTransition = null, displayChange = null, requestedLocation = null, userChange = null, windowingLayerChange = null, flags = 0, debugId = 25 }
2025-11-01 22:28:28.485   761-791   WindowManager           system_server                        V      startWCT=WindowContainerTransaction { changes= {} hops= [] errorCallbackToken=null taskFragmentOrganizer=null }
2025-11-01 22:28:28.485   761-791   WindowManager           system_server                        V      info={id=25 t=CLOSE f=0x0 trk=0 r=[0@Point(0, 0)] c=[
                                                                                                            {WCT{RemoteToken{b39c9db Task{71ac1c4 #1 type=home}}} m=TO_FRONT f=SHOW_WALLPAPER|MOVE_TO_TOP leash=Surface(name=Task=1#44)/@0x854751d sb=Rect(0, 0 - 1080, 2400) eb=Rect(0, 0 - 1080, 2400) epz=Point(1080, 2400) d=0 taskParent=-1 winMode=1 userId=0},
                                                                                                            {WCT{RemoteToken{3682b7d Task{8b9cff8 #45 type=standard A=10219:com.dennnisver4.habithub}}} m=CLOSE f=NONE leash=Surface(name=Task=45#332)/@0x58a3727 sb=Rect(0, 0 - 1080, 2400) eb=Rect(0, 0 - 1080, 2400) epz=Point(1080, 2400) d=0 taskParent=-1 winMode=1 userId=0},
                                                                                                            {m=TO_FRONT f=IS_WALLPAPER leash=Surface(name=WallpaperWindowToken{9e1c63}#60)/@0x54079f4 sb=Rect(0, 0 - 1080, 2400) eb=Rect(0, 0 - 1080, 2400) epz=Point(1080, 2400) d=0}
                                                                                                        ]}
2025-11-01 22:28:28.494  6701-6701  libbinder....hreadState service                              E  Binder transaction failure. id: 693175, cmd: BR_FAILED_REPLY (29201), error: -1 (Operation not permitted)
2025-11-01 22:28:28.495  6701-6701  libbinder....iceManager service                              W  Thread Pool max thread count is 0. Cannot cache binder as linkToDeath cannot be implemented. serviceName: android.hardware.camera.provider.ICameraProvider/internal/0
2025-11-01 22:28:28.469  6701-6701  service                 service                              W  type=1400 audit(0.0:565): avc:  denied  { call } for  scontext=u:r:shell:s0 tcontext=u:r:hal_audio_default:s0 tclass=binder permissive=0
2025-11-01 22:28:28.501  1046-1113  WindowManagerShell      com.android.systemui                 V   animated by com.android.wm.shell.transition.RemoteTransitionHandler@fe5532c
2025-11-01 22:28:28.502  1046-1113  Bubbles                 com.android.systemui                 D  onLocusVisibilityChanged=Overview|DISABLED visible=true taskId=1
2025-11-01 22:28:28.473  6701-6701  service                 service                              W  type=1400 audit(0.0:566): avc:  denied  { call } for  scontext=u:r:shell:s0 tcontext=u:r:hal_bluetooth_default:s0 tclass=binder permissive=0
2025-11-01 22:28:28.505  6701-6701  libbinder....hreadState service                              E  Binder transaction failure. id: 693191, cmd: BR_FAILED_REPLY (29201), error: -1 (Operation not permitted)
2025-11-01 22:28:28.506  6701-6701  libbinder....iceManager service                              W  Thread Pool max thread count is 0. Cannot cache binder as linkToDeath cannot be implemented. serviceName: android.hardware.camera.provider.ICameraProvider/internal/1
2025-11-01 22:28:28.506  6701-6701  libbinder....hreadState service                              E  Binder transaction failure. id: 693202, cmd: BR_FAILED_REPLY (29201), error: -1 (Operation not permitted)
2025-11-01 22:28:28.506  6701-6701  libbinder....iceManager service                              W  Thread Pool max thread count is 0. Cannot cache binder as linkToDeath cannot be implemented. serviceName: android.hardware.cas.IMediaCasService/default
2025-11-01 22:28:28.507  6701-6701  libbinder....iceManager service                              W  Thread Pool max thread count is 0. Cannot cache binder as linkToDeath cannot be implemented. serviceName: android.hardware.contexthub.IContextHub/default
2025-11-01 22:28:28.507  6701-6701  libbinder....hreadState service                              E  Binder transaction failure. id: 693216, cmd: BR_FAILED_REPLY (29201), error: -1 (Operation not permitted)
2025-11-01 22:28:28.508  6701-6701  libbinder....iceManager service                              W  Thread Pool max thread count is 0. Cannot cache binder as linkToDeath cannot be implemented. serviceName: android.hardware.drm.IDrmFactory/widevine
2025-11-01 22:28:28.508  6701-6701  libbinder....iceManager service                              W  Thread Pool max thread count is 0. Cannot cache binder as linkToDeath cannot be implemented. serviceName: android.hardware.gatekeeper.IGatekeeper/default
2025-11-01 22:28:28.508  6701-6701  libbinder....hreadState service                              E  Binder transaction failure. id: 693225, cmd: BR_FAILED_REPLY (29201), error: -1 (Operation not permitted)
2025-11-01 22:28:28.509  6701-6701  libbinder....hreadState service                              E  Binder transaction failure. id: 693229, cmd: BR_FAILED_REPLY (29201), error: -1 (Operation not permitted)
2025-11-01 22:28:28.509  6701-6701  libbinder....iceManager service                              W  Thread Pool max thread count is 0. Cannot cache binder as linkToDeath cannot be implemented. serviceName: android.hardware.graphics.allocator.IAllocator/default
2025-11-01 22:28:28.514  1202-1202  BaseActivity            com...le.android.apps.nexuslauncher  D  Launcher flags updated: [state_started|state_resumed|state_deferred_resumed|state_window_focused|state_user_active] +[state_window_focused]
2025-11-01 22:28:28.515  6701-6701  libbinder....iceManager service                              W  Thread Pool max thread count is 0. Cannot cache binder as linkToDeath cannot be implemented. serviceName: android.hardware.graphics.composer3.IComposer/default
2025-11-01 22:28:28.515  6701-6701  libbinder....hreadState service                              E  Binder transaction failure. id: 693241, cmd: BR_FAILED_REPLY (29201), error: -1 (Operation not permitted)
2025-11-01 22:28:28.515  6701-6701  libbinder....iceManager service                              W  Thread Pool max thread count is 0. Cannot cache binder as linkToDeath cannot be implemented. serviceName: android.hardware.health.IHealth/default
2025-11-01 22:28:28.515  6701-6701  libbinder....hreadState service                              E  Binder transaction failure. id: 693245, cmd: BR_FAILED_REPLY (29201), error: -1 (Operation not permitted)
2025-11-01 22:28:28.516  6701-6701  libbinder....iceManager service                              W  Thread Pool max thread count is 0. Cannot cache binder as linkToDeath cannot be implemented. serviceName: android.hardware.identity.IIdentityCredentialStore/default
2025-11-01 22:28:28.516  6701-6701  libbinder....hreadState service                              E  Binder transaction failure. id: 693249, cmd: BR_FAILED_REPLY (29201), error: -1 (Operation not permitted)
2025-11-01 22:28:28.517  6701-6701  libbinder....iceManager service                              W  Thread Pool max thread count is 0. Cannot cache binder as linkToDeath cannot be implemented. serviceName: android.hardware.light.ILights/default
2025-11-01 22:28:28.517  6701-6701  libbinder....hreadState service                              E  Binder transaction failure. id: 693255, cmd: BR_FAILED_REPLY (29201), error: -1 (Operation not permitted)
2025-11-01 22:28:28.517   761-900   ImeTracker              system_server                        I  com.google.android.apps.nexuslauncher:c0469c21: onRequestHide at ORIGIN_SERVER reason HIDE_UNSPECIFIED_WINDOW fromUser false
2025-11-01 22:28:28.518  6701-6701  libbinder....iceManager service                              W  Thread Pool max thread count is 0. Cannot cache binder as linkToDeath cannot be implemented. serviceName: android.hardware.media.c2.IComponentStore/software
2025-11-01 22:28:28.519  6701-6701  libbinder....iceManager service                              W  Thread Pool max thread count is 0. Cannot cache binder as linkToDeath cannot be implemented. serviceName: android.hardware.neuralnetworks.IDevice/nnapi-sample_all
2025-11-01 22:28:28.521  6701-6701  libbinder....iceManager service                              W  Thread Pool max thread count is 0. Cannot cache binder as linkToDeath cannot be implemented. serviceName: android.hardware.neuralnetworks.IDevice/nnapi-sample_quant
2025-11-01 22:28:28.521  1202-1202  InsetsController        com...le.android.apps.nexuslauncher  D  hide(ime())
2025-11-01 22:28:28.522  1202-1202  ImeTracker              com...le.android.apps.nexuslauncher  I  com.google.android.apps.nexuslauncher:c0469c21: onCancelled at PHASE_CLIENT_ALREADY_HIDDEN
2025-11-01 22:28:28.525  6701-6701  libbinder....iceManager service                              W  Thread Pool max thread count is 0. Cannot cache binder as linkToDeath cannot be implemented. serviceName: android.hardware.neuralnetworks.IDevice/nnapi-sample_sl_shim
2025-11-01 22:28:28.527  6701-6701  libbinder....iceManager service                              W  Thread Pool max thread count is 0. Cannot cache binder as linkToDeath cannot be implemented. serviceName: android.hardware.power.IPower/default
2025-11-01 22:28:28.528  6701-6701  libbinder....hreadState service                              E  Binder transaction failure. id: 693296, cmd: BR_FAILED_REPLY (29201), error: -1 (Operation not permitted)
2025-11-01 22:28:28.528  6701-6701  libbinder....iceManager service                              W  Thread Pool max thread count is 0. Cannot cache binder as linkToDeath cannot be implemented. serviceName: android.hardware.power.stats.IPowerStats/default
2025-11-01 22:28:28.528  6701-6701  libbinder....hreadState service                              E  Binder transaction failure. id: 693302, cmd: BR_FAILED_REPLY (29201), error: -1 (Operation not permitted)
2025-11-01 22:28:28.529  6701-6701  libbinder....iceManager service                              W  Thread Pool max thread count is 0. Cannot cache binder as linkToDeath cannot be implemented. serviceName: android.hardware.radio.config.IRadioConfig/default
2025-11-01 22:28:28.529  6701-6701  libbinder....hreadState service                              E  Binder transaction failure. id: 693310, cmd: BR_FAILED_REPLY (29201), error: -1 (Operation not permitted)
2025-11-01 22:28:28.530  6701-6701  libbinder....iceManager service                              W  Thread Pool max thread count is 0. Cannot cache binder as linkToDeath cannot be implemented. serviceName: android.hardware.radio.data.IRadioData/slot1
2025-11-01 22:28:28.530  6701-6701  libbinder....hreadState service                              E  Binder transaction failure. id: 693318, cmd: BR_FAILED_REPLY (29201), error: -1 (Operation not permitted)
2025-11-01 22:28:28.537  6701-6701  libbinder....iceManager service                              W  Thread Pool max thread count is 0. Cannot cache binder as linkToDeath cannot be implemented. serviceName: android.hardware.radio.ims.IRadioIms/slot1
2025-11-01 22:28:28.537  6701-6701  libbinder....hreadState service                              E  Binder transaction failure. id: 693323, cmd: BR_FAILED_REPLY (29201), error: -1 (Operation not permitted)
2025-11-01 22:28:28.540  1538-1538  GoogleInpu...hodService com...gle.android.inputmethod.latin  I  GoogleInputMethodService.onFinishInput():2057 
2025-11-01 22:28:28.544  6701-6701  libbinder....iceManager service                              W  Thread Pool max thread count is 0. Cannot cache binder as linkToDeath cannot be implemented. serviceName: android.hardware.radio.ims.media.IImsMedia/default
2025-11-01 22:28:28.544  6701-6701  libbinder....hreadState service                              E  Binder transaction failure. id: 693336, cmd: BR_FAILED_REPLY (29201), error: -1 (Operation not permitted)
2025-11-01 22:28:28.545  6701-6701  libbinder....iceManager service                              W  Thread Pool max thread count is 0. Cannot cache binder as linkToDeath cannot be implemented. serviceName: android.hardware.radio.messaging.IRadioMessaging/slot1
2025-11-01 22:28:28.545  6701-6701  libbinder....hreadState service                              E  Binder transaction failure. id: 693341, cmd: BR_FAILED_REPLY (29201), error: -1 (Operation not permitted)
2025-11-01 22:28:28.547  6701-6701  libbinder....iceManager service                              W  Thread Pool max thread count is 0. Cannot cache binder as linkToDeath cannot be implemented. serviceName: android.hardware.radio.modem.IRadioModem/slot1
2025-11-01 22:28:28.547  6701-6701  libbinder....hreadState service                              E  Binder transaction failure. id: 693345, cmd: BR_FAILED_REPLY (29201), error: -1 (Operation not permitted)
2025-11-01 22:28:28.548  6701-6701  libbinder....iceManager service                              W  Thread Pool max thread count is 0. Cannot cache binder as linkToDeath cannot be implemented. serviceName: android.hardware.radio.network.IRadioNetwork/slot1
2025-11-01 22:28:28.548  6701-6701  libbinder....hreadState service                              E  Binder transaction failure. id: 693349, cmd: BR_FAILED_REPLY (29201), error: -1 (Operation not permitted)
2025-11-01 22:28:28.549  6701-6701  libbinder....iceManager service                              W  Thread Pool max thread count is 0. Cannot cache binder as linkToDeath cannot be implemented. serviceName: android.hardware.radio.sap.ISap/slot1
2025-11-01 22:28:28.550  6701-6701  libbinder....hreadState service                              E  Binder transaction failure. id: 693353, cmd: BR_FAILED_REPLY (29201), error: -1 (Operation not permitted)
2025-11-01 22:28:28.552  6701-6701  libbinder....iceManager service                              W  Thread Pool max thread count is 0. Cannot cache binder as linkToDeath cannot be implemented. serviceName: android.hardware.radio.sim.IRadioSim/slot1
2025-11-01 22:28:28.553  6701-6701  libbinder....hreadState service                              E  Binder transaction failure. id: 693358, cmd: BR_FAILED_REPLY (29201), error: -1 (Operation not permitted)
2025-11-01 22:28:28.554  1538-1538  Module                  com...gle.android.inputmethod.latin  I  DeviceLockedStatusModuleProvider$Module.updateDeviceLockedStatus():100 repeatCheckTimes = 0, locked = false
2025-11-01 22:28:28.556  6701-6701  libbinder....iceManager service                              W  Thread Pool max thread count is 0. Cannot cache binder as linkToDeath cannot be implemented. serviceName: android.hardware.radio.voice.IRadioVoice/slot1
2025-11-01 22:28:28.556   761-1944  ImeTracker              system_server                        I  system_server:6f2938f1: onRequestHide at ORIGIN_SERVER reason IME_REQUESTED_CHANGED_LISTENER fromUser false
2025-11-01 22:28:28.556  6701-6701  libbinder....hreadState service                              E  Binder transaction failure. id: 693369, cmd: BR_FAILED_REPLY (29201), error: -1 (Operation not permitted)
2025-11-01 22:28:28.557  6701-6701  libbinder....iceManager service                              W  Thread Pool max thread count is 0. Cannot cache binder as linkToDeath cannot be implemented. serviceName: android.hardware.rebootescrow.IRebootEscrow/default
2025-11-01 22:28:28.557  6701-6701  libbinder....hreadState service                              E  Binder transaction failure. id: 693373, cmd: BR_FAILED_REPLY (29201), error: -1 (Operation not permitted)
2025-11-01 22:28:28.564  1538-1538  GoogleInpu...hodService com...gle.android.inputmethod.latin  I  GoogleInputMethodService.onStartInput():1318 onStartInput(EditorInfo{EditorInfo{packageName=com.google.android.apps.nexuslauncher, inputType=0, inputTypeString=NULL, enableLearning=false, autoCorrection=false, autoComplete=false, imeOptions=0, privateImeOptions=null, actionName=UNSPECIFIED, actionLabel=null, initialSelStart=-1, initialSelEnd=-1, initialCapsMode=0, label=null, fieldId=0, fieldName=null, extras=null, hintText=null, hintLocales=[]}}, false)
2025-11-01 22:28:28.569  6701-6701  libbinder....iceManager service                              W  Thread Pool max thread count is 0. Cannot cache binder as linkToDeath cannot be implemented. serviceName: android.hardware.security.keymint.IRemotelyProvisionedComponent/default
2025-11-01 22:28:28.570  1538-1538  Module                  com...gle.android.inputmethod.latin  I  DeviceLockedStatusModuleProvider$Module.updateDeviceLockedStatus():100 repeatCheckTimes = 1, locked = false
2025-11-01 22:28:28.574   761-1944  PackageConfigPersister  system_server                        W  App-specific configuration not found for packageName: com.google.android.apps.nexuslauncher and userId: 0
2025-11-01 22:28:28.585   761-794   ImeTracker              system_server                        I  system_server:6f2938f1: onCancelled at PHASE_SERVER_SHOULD_HIDE
2025-11-01 22:28:28.596  6701-6701  libbinder....iceManager service                              W  Thread Pool max thread count is 0. Cannot cache binder as linkToDeath cannot be implemented. serviceName: android.hardware.security.sharedsecret.ISharedSecret/gatekeeper
2025-11-01 22:28:28.597  6701-6701  libbinder....hreadState service                              E  Binder transaction failure. id: 693417, cmd: BR_FAILED_REPLY (29201), error: -1 (Operation not permitted)
2025-11-01 22:28:28.597  6701-6701  libbinder....iceManager service                              W  Thread Pool max thread count is 0. Cannot cache binder as linkToDeath cannot be implemented. serviceName: android.hardware.sensors.ISensors/default
2025-11-01 22:28:28.597  6701-6701  libbinder....hreadState service                              E  Binder transaction failure. id: 693421, cmd: BR_FAILED_REPLY (29201), error: -1 (Operation not permitted)
2025-11-01 22:28:28.598  6701-6701  libbinder....iceManager service                              W  Thread Pool max thread count is 0. Cannot cache binder as linkToDeath cannot be implemented. serviceName: android.hardware.thermal.IThermal/default
2025-11-01 22:28:28.598  6701-6701  libbinder....hreadState service                              E  Binder transaction failure. id: 693426, cmd: BR_FAILED_REPLY (29201), error: -1 (Operation not permitted)
2025-11-01 22:28:28.603  6701-6701  libbinder....iceManager service                              W  Thread Pool max thread count is 0. Cannot cache binder as linkToDeath cannot be implemented. serviceName: android.hardware.threadnetwork.IThreadChip/chip0
2025-11-01 22:28:28.603  6701-6701  libbinder....hreadState service                              E  Binder transaction failure. id: 693435, cmd: BR_FAILED_REPLY (29201), error: -1 (Operation not permitted)
2025-11-01 22:28:28.604  6701-6701  libbinder....iceManager service                              W  Thread Pool max thread count is 0. Cannot cache binder as linkToDeath cannot be implemented. serviceName: android.hardware.usb.IUsb/default
2025-11-01 22:28:28.604  6701-6701  libbinder....hreadState service                              E  Binder transaction failure. id: 693439, cmd: BR_FAILED_REPLY (29201), error: -1 (Operation not permitted)
2025-11-01 22:28:28.624  6701-6701  libbinder....iceManager service                              W  Thread Pool max thread count is 0. Cannot cache binder as linkToDeath cannot be implemented. serviceName: android.hardware.uwb.IUwb/default
2025-11-01 22:28:28.624  6701-6701  libbinder....hreadState service                              E  Binder transaction failure. id: 693446, cmd: BR_FAILED_REPLY (29201), error: -1 (Operation not permitted)
2025-11-01 22:28:28.627  6701-6701  libbinder....iceManager service                              W  Thread Pool max thread count is 0. Cannot cache binder as linkToDeath cannot be implemented. serviceName: android.hardware.vibrator.IVibrator/default
2025-11-01 22:28:28.628  6701-6701  libbinder....hreadState service                              E  Binder transaction failure. id: 693450, cmd: BR_FAILED_REPLY (29201), error: -1 (Operation not permitted)
2025-11-01 22:28:28.629  6701-6701  libbinder....iceManager service                              W  Thread Pool max thread count is 0. Cannot cache binder as linkToDeath cannot be implemented. serviceName: android.hardware.vibrator.IVibratorManager/default
2025-11-01 22:28:28.630  6701-6701  libbinder....hreadState service                              E  Binder transaction failure. id: 693454, cmd: BR_FAILED_REPLY (29201), error: -1 (Operation not permitted)
2025-11-01 22:28:28.630  6701-6701  libbinder....iceManager service                              W  Thread Pool max thread count is 0. Cannot cache binder as linkToDeath cannot be implemented. serviceName: android.hardware.wifi.IWifi/default
2025-11-01 22:28:28.630  6701-6701  libbinder....hreadState service                              E  Binder transaction failure. id: 693458, cmd: BR_FAILED_REPLY (29201), error: -1 (Operation not permitted)
2025-11-01 22:28:28.631  6701-6701  libbinder....iceManager service                              W  Thread Pool max thread count is 0. Cannot cache binder as linkToDeath cannot be implemented. serviceName: android.hardware.wifi.supplicant.ISupplicant/default
2025-11-01 22:28:28.632  6701-6701  libbinder....hreadState service                              E  Binder transaction failure. id: 693462, cmd: BR_FAILED_REPLY (29201), error: -1 (Operation not permitted)
2025-11-01 22:28:28.632  6701-6701  libbinder....iceManager service                              W  Thread Pool max thread count is 0. Cannot cache binder as linkToDeath cannot be implemented. serviceName: android.security.apc
2025-11-01 22:28:28.633  6701-6701  libbinder....iceManager service                              W  Thread Pool max thread count is 0. Cannot cache binder as linkToDeath cannot be implemented. serviceName: android.security.authorization
2025-11-01 22:28:28.634  6701-6701  libbinder....iceManager service                              W  Thread Pool max thread count is 0. Cannot cache binder as linkToDeath cannot be implemented. serviceName: android.security.compat
2025-11-01 22:28:28.635  6701-6701  libbinder....iceManager service                              W  Thread Pool max thread count is 0. Cannot cache binder as linkToDeath cannot be implemented. serviceName: android.security.identity
2025-11-01 22:28:28.640  6701-6701  libbinder....iceManager service                              W  Thread Pool max thread count is 0. Cannot cache binder as linkToDeath cannot be implemented. serviceName: android.security.legacykeystore
2025-11-01 22:28:28.641  6701-6701  libbinder....iceManager service                              W  Thread Pool max thread count is 0. Cannot cache binder as linkToDeath cannot be implemented. serviceName: android.security.maintenance
2025-11-01 22:28:28.641  6701-6701  libbinder....iceManager service                              W  Thread Pool max thread count is 0. Cannot cache binder as linkToDeath cannot be implemented. serviceName: android.security.metrics
2025-11-01 22:28:28.653  6701-6701  libbinder....iceManager service                              W  Thread Pool max thread count is 0. Cannot cache binder as linkToDeath cannot be implemented. serviceName: android.system.keystore2.IKeystoreService/default
2025-11-01 22:28:28.655  6701-6701  libbinder....iceManager service                              W  Thread Pool max thread count is 0. Cannot cache binder as linkToDeath cannot be implemented. serviceName: android.system.net.netd.INetd/default
2025-11-01 22:28:28.655  6701-6701  libbinder....hreadState service                              E  Binder transaction failure. id: 693516, cmd: BR_FAILED_REPLY (29201), error: -1 (Operation not permitted)
2025-11-01 22:28:28.656  6701-6701  libbinder....iceManager service                              W  Thread Pool max thread count is 0. Cannot cache binder as linkToDeath cannot be implemented. serviceName: android.system.suspend.ISystemSuspend/default
2025-11-01 22:28:28.656  6701-6701  libbinder....hreadState service                              E  Binder transaction failure. id: 693520, cmd: BR_FAILED_REPLY (29201), error: -1 (Operation not permitted)
2025-11-01 22:28:28.657  6701-6701  libbinder....iceManager service                              W  Thread Pool max thread count is 0. Cannot cache binder as linkToDeath cannot be implemented. serviceName: android.system.vmtethering.IVmTethering
2025-11-01 22:28:28.675  6701-6701  libbinder....iceManager service                              W  Thread Pool max thread count is 0. Cannot cache binder as linkToDeath cannot be implemented. serviceName: android.system.vold.IVold/default
2025-11-01 22:28:28.676  6701-6701  libbinder....hreadState service                              E  Binder transaction failure. id: 693536, cmd: BR_FAILED_REPLY (29201), error: -1 (Operation not permitted)
2025-11-01 22:28:28.676  6701-6701  libbinder....iceManager service                              W  Thread Pool max thread count is 0. Cannot cache binder as linkToDeath cannot be implemented. serviceName: app_binding
2025-11-01 22:28:28.677  6701-6701  libbinder.Parcel        service                              E  Reading a NULL string not supported here.
2025-11-01 22:28:28.678  6701-6701  libbinder....iceManager service                              W  Thread Pool max thread count is 0. Cannot cache binder as linkToDeath cannot be implemented. serviceName: app_function
2025-11-01 22:28:28.679  6701-6701  libbinder....iceManager service                              W  Thread Pool max thread count is 0. Cannot cache binder as linkToDeath cannot be implemented. serviceName: app_hibernation
2025-11-01 22:28:28.679  6701-6701  libbinder....iceManager service                              W  Thread Pool max thread count is 0. Cannot cache binder as linkToDeath cannot be implemented. serviceName: app_integrity
2025-11-01 22:28:28.681  6701-6701  libbinder....iceManager service                              W  Thread Pool max thread count is 0. Cannot cache binder as linkToDeath cannot be implemented. serviceName: app_prediction
2025-11-01 22:28:28.682  6701-6701  libbinder....iceManager service                              W  Thread Pool max thread count is 0. Cannot cache binder as linkToDeath cannot be implemented. serviceName: app_search
2025-11-01 22:28:28.682  6701-6701  libbinder....iceManager service                              W  Thread Pool max thread count is 0. Cannot cache binder as linkToDeath cannot be implemented. serviceName: appops
2025-11-01 22:28:28.684  6701-6701  libbinder....iceManager service                              W  Thread Pool max thread count is 0. Cannot cache binder as linkToDeath cannot be implemented. serviceName: appwidget
2025-11-01 22:28:28.685  6701-6701  libbinder....iceManager service                              W  Thread Pool max thread count is 0. Cannot cache binder as linkToDeath cannot be implemented. serviceName: attestation_verification
2025-11-01 22:28:28.686  6701-6701  libbinder....iceManager service                              W  Thread Pool max thread count is 0. Cannot cache binder as linkToDeath cannot be implemented. serviceName: audio
2025-11-01 22:28:28.688  6701-6701  libbinder....iceManager service                              W  Thread Pool max thread count is 0. Cannot cache binder as linkToDeath cannot be implemented. serviceName: auth
2025-11-01 22:28:28.689  6701-6701  libbinder....iceManager service                              W  Thread Pool max thread count is 0. Cannot cache binder as linkToDeath cannot be implemented. serviceName: authentication_policy
2025-11-01 22:28:28.690  6701-6701  libbinder....iceManager service                              W  Thread Pool max thread count is 0. Cannot cache binder as linkToDeath cannot be implemented. serviceName: autofill
2025-11-01 22:28:28.692  6701-6701  libbinder....iceManager service                              W  Thread Pool max thread count is 0. Cannot cache binder as linkToDeath cannot be implemented. serviceName: background_install_control
2025-11-01 22:28:28.695  6701-6701  libbinder....iceManager service                              W  Thread Pool max thread count is 0. Cannot cache binder as linkToDeath cannot be implemented. serviceName: backup
2025-11-01 22:28:28.700  6701-6701  libbinder....iceManager service                              W  Thread Pool max thread count is 0. Cannot cache binder as linkToDeath cannot be implemented. serviceName: battery
2025-11-01 22:28:28.707  6701-6701  libbinder.Parcel        service                              E  Reading a NULL string not supported here.
2025-11-01 22:28:28.708  6701-6701  libbinder....iceManager service                              W  Thread Pool max thread count is 0. Cannot cache binder as linkToDeath cannot be implemented. serviceName: batteryproperties
2025-11-01 22:28:28.709  6701-6701  libbinder....iceManager service                              W  Thread Pool max thread count is 0. Cannot cache binder as linkToDeath cannot be implemented. serviceName: batterystats
2025-11-01 22:28:28.709  6701-6701  libbinder....iceManager service                              W  Thread Pool max thread count is 0. Cannot cache binder as linkToDeath cannot be implemented. serviceName: binder_calls_stats
2025-11-01 22:28:28.710  6701-6701  libbinder.Parcel        service                              E  Reading a NULL string not supported here.
2025-11-01 22:28:28.712  6701-6701  libbinder....iceManager service                              W  Thread Pool max thread count is 0. Cannot cache binder as linkToDeath cannot be implemented. serviceName: biometric
2025-11-01 22:28:28.712  1202-1208  s.nexuslauncher         com...le.android.apps.nexuslauncher  I  NativeAlloc concurrent mark compact GC freed 984KB AllocSpace bytes, 12(624KB) LOS objects, 49% free, 5655KB/11MB, paused 6.382ms,4.216ms total 185.215ms
2025-11-01 22:28:28.716  6701-6701  libbinder....iceManager service                              W  Thread Pool max thread count is 0. Cannot cache binder as linkToDeath cannot be implemented. serviceName: blob_store
2025-11-01 22:28:28.722  6701-6701  libbinder....iceManager service                              W  Thread Pool max thread count is 0. Cannot cache binder as linkToDeath cannot be implemented. serviceName: bluetooth_manager
2025-11-01 22:28:28.725  6701-6701  libbinder....iceManager service                              W  Thread Pool max thread count is 0. Cannot cache binder as linkToDeath cannot be implemented. serviceName: bugreport
2025-11-01 22:28:28.727  1202-1210  System                  com...le.android.apps.nexuslauncher  W  A resource failed to call release. 
2025-11-01 22:28:28.727  1202-1210  System                  com...le.android.apps.nexuslauncher  W  A resource failed to call release. 
2025-11-01 22:28:28.728  1202-1210  System                  com...le.android.apps.nexuslauncher  W  A resource failed to call release. 
2025-11-01 22:28:28.732  6701-6701  libbinder....iceManager service                              W  Thread Pool max thread count is 0. Cannot cache binder as linkToDeath cannot be implemented. serviceName: cacheinfo
2025-11-01 22:28:28.734  6701-6701  libbinder.Parcel        service                              E  Reading a NULL string not supported here.
2025-11-01 22:28:28.736  6701-6701  libbinder....iceManager service                              W  Thread Pool max thread count is 0. Cannot cache binder as linkToDeath cannot be implemented. serviceName: carrier_config
2025-11-01 22:28:28.741  6701-6701  libbinder....iceManager service                              W  Thread Pool max thread count is 0. Cannot cache binder as linkToDeath cannot be implemented. serviceName: clipboard
2025-11-01 22:28:28.743  6701-6701  libbinder....iceManager service                              W  Thread Pool max thread count is 0. Cannot cache binder as linkToDeath cannot be implemented. serviceName: color_display
2025-11-01 22:28:28.745  6701-6701  libbinder....iceManager service                              W  Thread Pool max thread count is 0. Cannot cache binder as linkToDeath cannot be implemented. serviceName: companiondevice
2025-11-01 22:28:28.750  6701-6701  libbinder....iceManager service                              W  Thread Pool max thread count is 0. Cannot cache binder as linkToDeath cannot be implemented. serviceName: connectivity
2025-11-01 22:28:28.752  6701-6701  libbinder....iceManager service                              W  Thread Pool max thread count is 0. Cannot cache binder as linkToDeath cannot be implemented. serviceName: connectivity_native
2025-11-01 22:28:28.753  6701-6701  libbinder....iceManager service                              W  Thread Pool max thread count is 0. Cannot cache binder as linkToDeath cannot be implemented. serviceName: connmetrics
2025-11-01 22:28:28.755  6701-6701  libbinder....iceManager service                              W  Thread Pool max thread count is 0. Cannot cache binder as linkToDeath cannot be implemented. serviceName: content
2025-11-01 22:28:28.765  6701-6701  libbinder....iceManager service                              W  Thread Pool max thread count is 0. Cannot cache binder as linkToDeath cannot be implemented. serviceName: content_capture
2025-11-01 22:28:28.768  6701-6701  libbinder....iceManager service                              W  Thread Pool max thread count is 0. Cannot cache binder as linkToDeath cannot be implemented. serviceName: content_suggestions
2025-11-01 22:28:28.769  6701-6701  libbinder....iceManager service                              W  Thread Pool max thread count is 0. Cannot cache binder as linkToDeath cannot be implemented. serviceName: contexthub
2025-11-01 22:28:28.770  6701-6701  libbinder....iceManager service                              W  Thread Pool max thread count is 0. Cannot cache binder as linkToDeath cannot be implemented. serviceName: country_detector
2025-11-01 22:28:28.772  6701-6701  libbinder....iceManager service                              W  Thread Pool max thread count is 0. Cannot cache binder as linkToDeath cannot be implemented. serviceName: cpuinfo
2025-11-01 22:28:28.775  6701-6701  libbinder.Parcel        service                              E  Reading a NULL string not supported here.
2025-11-01 22:28:28.776  6701-6701  libbinder....iceManager service                              W  Thread Pool max thread count is 0. Cannot cache binder as linkToDeath cannot be implemented. serviceName: credential
2025-11-01 22:28:28.779  6701-6701  libbinder....iceManager service                              W  Thread Pool max thread count is 0. Cannot cache binder as linkToDeath cannot be implemented. serviceName: crossprofileapps
2025-11-01 22:28:28.780  6701-6701  libbinder....iceManager service                              W  Thread Pool max thread count is 0. Cannot cache binder as linkToDeath cannot be implemented. serviceName: dataloader_manager
2025-11-01 22:28:28.781  6701-6701  libbinder....iceManager service                              W  Thread Pool max thread count is 0. Cannot cache binder as linkToDeath cannot be implemented. serviceName: dbinfo
2025-11-01 22:28:28.781  6701-6701  libbinder.Parcel        service                              E  Reading a NULL string not supported here.
2025-11-01 22:28:28.782  6701-6701  libbinder....iceManager service                              W  Thread Pool max thread count is 0. Cannot cache binder as linkToDeath cannot be implemented. serviceName: device_config
2025-11-01 22:28:28.782  6701-6701  libbinder.Parcel        service                              E  Reading a NULL string not supported here.
2025-11-01 22:28:28.786  6701-6701  libbinder....iceManager service                              W  Thread Pool max thread count is 0. Cannot cache binder as linkToDeath cannot be implemented. serviceName: device_identifiers
2025-11-01 22:28:28.787  6701-6701  libbinder....iceManager service                              W  Thread Pool max thread count is 0. Cannot cache binder as linkToDeath cannot be implemented. serviceName: device_lock
2025-11-01 22:28:28.787  6701-6701  libbinder....iceManager service                              W  Thread Pool max thread count is 0. Cannot cache binder as linkToDeath cannot be implemented. serviceName: device_policy
2025-11-01 22:28:28.793  6701-6701  libbinder....iceManager service                              W  Thread Pool max thread count is 0. Cannot cache binder as linkToDeath cannot be implemented. serviceName: device_state
2025-11-01 22:28:28.796  6701-6701  libbinder....iceManager service                              W  Thread Pool max thread count is 0. Cannot cache binder as linkToDeath cannot be implemented. serviceName: deviceidle
2025-11-01 22:28:28.797  6701-6701  libbinder....iceManager service                              W  Thread Pool max thread count is 0. Cannot cache binder as linkToDeath cannot be implemented. serviceName: devicestoragemonitor
2025-11-01 22:28:28.797  6701-6701  libbinder.Parcel        service                              E  Reading a NULL string not supported here.
2025-11-01 22:28:28.799  6701-6701  libbinder....iceManager service                              W  Thread Pool max thread count is 0. Cannot cache binder as linkToDeath cannot be implemented. serviceName: diskstats
2025-11-01 22:28:28.800  6701-6701  libbinder.Parcel        service                              E  Reading a NULL string not supported here.
2025-11-01 22:28:28.801  6701-6701  libbinder....iceManager service                              W  Thread Pool max thread count is 0. Cannot cache binder as linkToDeath cannot be implemented. serviceName: display
2025-11-01 22:28:28.804  1046-1236  WindowManagerShell      com.android.systemui                 V  Received remote transition finished callback for (#25)
2025-11-01 22:28:28.806  1046-1113  WindowManagerShell      com.android.systemui                 V  Transition animation finished (aborted=false), notifying core (#25) android.os.BinderProxy@97d8305@0
2025-11-01 22:28:28.807  6701-6701  libbinder....iceManager service                              W  Thread Pool max thread count is 0. Cannot cache binder as linkToDeath cannot be implemented. serviceName: domain_verification
2025-11-01 22:28:28.811   761-791   WindowManager           system_server                        V  Finish Transition (#25): created at 11-01 21:28:28.164 collect-started=0.05ms request-sent=0.134ms started=11.473ms ready=214.88ms sent=242.573ms commit=10.774ms finished=646.499ms
2025-11-01 22:28:28.812  6701-6701  libbinder....iceManager service                              W  Thread Pool max thread count is 0. Cannot cache binder as linkToDeath cannot be implemented. serviceName: dreams
2025-11-01 22:28:28.813   761-1242  libbinder....hreadState system_server                        E  Binder transaction failure. id: 693898, cmd: BR_DEAD_REPLY (29189), error: -22 (Invalid argument)
2025-11-01 22:28:28.813   761-1242  ActivityManager         system_server                        W  pid 761 system sent binder code 7 with flags 1 and got error -32
2025-11-01 22:28:28.813  6701-6701  libbinder....iceManager service                              W  Thread Pool max thread count is 0. Cannot cache binder as linkToDeath cannot be implemented. serviceName: drm.drmManager
2025-11-01 22:28:28.816   761-1242  WindowManager           system_server                        W  Exception thrown during dispatchAppVisibility Window{42038a6 u0 com.dennnisver4.habithub/com.dennnisver4.habithub.MainActivity EXITING}
                                                                                                    android.os.DeadObjectException
                                                                                                    	at android.os.BinderProxy.transactNative(Native Method)
                                                                                                    	at android.os.BinderProxy.transact(BinderProxy.java:599)
                                                                                                    	at android.view.IWindow$Stub$Proxy.dispatchAppVisibility(IWindow.java:535)
                                                                                                    	at com.android.server.wm.WindowState.sendAppVisibilityToClients(WindowState.java:3266)
                                                                                                    	at com.android.server.wm.WindowContainer.sendAppVisibilityToClients(WindowContainer.java:1218)
                                                                                                    	at com.android.server.wm.WindowToken.setClientVisible(WindowToken.java:394)
                                                                                                    	at com.android.server.wm.ActivityRecord.commitVisibility(ActivityRecord.java:5626)
                                                                                                    	at com.android.server.wm.Transition.finishTransition(Transition.java:1500)
                                                                                                    	at com.android.server.wm.TransitionController.finishTransition(TransitionController.java:1096)
                                                                                                    	at com.android.server.wm.WindowOrganizerController.finishTransition(WindowOrganizerController.java:518)
                                                                                                    	at android.window.IWindowOrganizerController$Stub.onTransact(IWindowOrganizerController.java:270)
                                                                                                    	at com.android.server.wm.WindowOrganizerController.onTransact(WindowOrganizerController.java:233)
                                                                                                    	at android.os.Binder.execTransactInternal(Binder.java:1478)
                                                                                                    	at android.os.Binder.execTransact(Binder.java:1418)
2025-11-01 22:28:28.816   761-1242  Process                 system_server                        W  Unable to open /proc/6635/status
2025-11-01 22:28:28.819  6701-6701  libbinder....iceManager service                              W  Thread Pool max thread count is 0. Cannot cache binder as linkToDeath cannot be implemented. serviceName: dropbox
2025-11-01 22:28:28.820  6701-6701  libbinder....iceManager service                              W  Thread Pool max thread count is 0. Cannot cache binder as linkToDeath cannot be implemented. serviceName: dynamic_instrumentation
2025-11-01 22:28:28.823  6701-6701  libbinder....iceManager service                              W  Thread Pool max thread count is 0. Cannot cache binder as linkToDeath cannot be implemented. serviceName: dynamic_system
2025-11-01 22:28:28.825  6701-6701  libbinder....iceManager service                              W  Thread Pool max thread count is 0. Cannot cache binder as linkToDeath cannot be implemented. serviceName: ecm_enhanced_confirmation
2025-11-01 22:28:28.827  6701-6701  libbinder....iceManager service                              W  Thread Pool max thread count is 0. Cannot cache binder as linkToDeath cannot be implemented. serviceName: emergency_affordance
2025-11-01 22:28:28.828  6701-6701  libbinder.Parcel        service                              E  Reading a NULL string not supported here.
2025-11-01 22:28:28.828  6701-6701  libbinder....iceManager service                              W  Thread Pool max thread count is 0. Cannot cache binder as linkToDeath cannot be implemented. serviceName: external_vibrator_service
2025-11-01 22:28:28.829  6701-6701  libbinder....iceManager service                              W  Thread Pool max thread count is 0. Cannot cache binder as linkToDeath cannot be implemented. serviceName: feature_flags
